**********************************************************************
** Visual Studio 2022 Developer PowerShell v17.7.4
** Copyright (c) 2022 Microsoft Corporation
**********************************************************************
PS C:\Program Files\Microsoft Visual Studio\2022\Community> +
>> Authentication Succeeded
At line:1 char:2
+ +
+  ~
Missing expression after unary operator '+'.
At line:2 char:1
+ Authentication Succeeded
+ ~~~~~~~~~~~~~~
Unexpected token 'Authentication' in expression or statement.
    + CategoryInfo          : ParserError: (:) [], ParentContainsErrorRecordException
    + FullyQualifiedErrorId : MissingExpressionAfterOperator

PS C:\Program Files\Microsoft Visual Studio\2022\Community> You may now close this tab and return to the application.
You : The term 'You' is not recognized as the name of a cmdlet, function, script file, or operable program. Check the s
pelling of the name, or if a path was included, verify that the path is correct and try again.
At line:1 char:1
+ You may now close this tab and return to the application.
+ ~~~
    + CategoryInfo          : ObjectNotFound: (You:String) [], CommandNotFoundException
    + FullyQualifiedErrorId : CommandNotFoundException

PS C:\Program Files\Microsoft Visual Studio\2022\Community> DAIDAOXING
DAIDAOXING : The term 'DAIDAOXING' is not recognized as the name of a cmdlet, function, script file, or operable progra
m. Check the spelling of the name, or if a path was included, verify that the path is correct and try again.
At line:1 char:1
+ DAIDAOXING
+ ~~~~~~~~~~
    + CategoryInfo          : ObjectNotFound: (DAIDAOXING:String) [], CommandNotFoundException
    + FullyQualifiedErrorId : CommandNotFoundException

PS C:\Program Files\Microsoft Visual Studio\2022\Community> http://localhost:58551/?code=e55d0e3f82b66cb0dc32&state=05dcd28c5d114e18874c8b2f632a9619
At line:1 char:50
+ http://localhost:58551/?code=e55d0e3f82b66cb0dc32&state=05dcd28c5d114 ...
+                                                  ~
The ampersand (&) character is not allowed. The & operator is reserved for future use; wrap an ampersand in double quot
ation marks ("&") to pass it as part of a string.
    + CategoryInfo          : ParserError: (:) [], ParentContainsErrorRecordException
    + FullyQualifiedErrorId : AmpersandNotAllowed

PS C:\Program Files\Microsoft Visual Studio\2022\Community> DAIDAOXING
DAIDAOXING : The term 'DAIDAOXING' is not recognized as the name of a cmdlet, function, script file, or operable progra
m. Check the spelling of the name, or if a path was included, verify that the path is correct and try again.
At line:1 char:1
+ DAIDAOXING
+ ~~~~~~~~~~
    + CategoryInfo          : ObjectNotFound: (DAIDAOXING:String) [], CommandNotFoundException
    + FullyQualifiedErrorId : CommandNotFoundException

PS C:\Program Files\Microsoft Visual Studio\2022\Community> Última actualización en junio de 2021
Última : The term 'Última' is not recognized as the name of a cmdlet, function, script file, or operable program. Check
 the spelling of the name, or if a path was included, verify that the path is correct and try again.
At line:1 char:1
+ Última actualización en junio de 2021
+ ~~~~~~
    + CategoryInfo          : ObjectNotFound: (Última:String) [], CommandNotFoundException
    + FullyQualifiedErrorId : CommandNotFoundException

PS C:\Program Files\Microsoft Visual Studio\2022\Community> TÉRMINOS DE LICENCIA DEL SOFTWARE DE MICROSOFT
TÉRMINOS : The term 'TÉRMINOS' is not recognized as the name of a cmdlet, function, script file, or operable program. C
heck the spelling of the name, or if a path was included, verify that the path is correct and try again.
At line:1 char:1
+ TÉRMINOS DE LICENCIA DEL SOFTWARE DE MICROSOFT
+ ~~~~~~~~
    + CategoryInfo          : ObjectNotFound: (TÉRMINOS:String) [], CommandNotFoundException
    + FullyQualifiedErrorId : CommandNotFoundException

PS C:\Program Files\Microsoft Visual Studio\2022\Community> SISTEMA OPERATIVO WINDOWS
SISTEMA : The term 'SISTEMA' is not recognized as the name of a cmdlet, function, script file, or operable program. Che
ck the spelling of the name, or if a path was included, verify that the path is correct and try again.
At line:1 char:1
+ SISTEMA OPERATIVO WINDOWS
+ ~~~~~~~
    + CategoryInfo          : ObjectNotFound: (SISTEMA:String) [], CommandNotFoundException
    + FullyQualifiedErrorId : CommandNotFoundException

PS C:\Program Files\Microsoft Visual Studio\2022\Community> SI VIVE EN (O SU DOMICILIO COMERCIAL PRINCIPAL SE ENCUENTRA EN) LOS ESTADOS UNIDOS, LEA LA CLÁUSULA DE ARBITRAJE VINCULANTE Y LA RENUNCIA A DEMANDAS COLECTIVAS EN LA SECCIÓN 11. AFECTA A LA FORMA EN LA QUE SE RESUELVEN LAS DISPUTAS.
O : The term 'O' is not recognized as the name of a cmdlet, function, script file, or operable program. Check the spell
ing of the name, or if a path was included, verify that the path is correct and try again.
At line:1 char:13
+ SI VIVE EN (O SU DOMICILIO COMERCIAL PRINCIPAL SE ENCUENTRA EN) LOS E ...
+             ~
    + CategoryInfo          : ObjectNotFound: (O:String) [], CommandNotFoundException
    + FullyQualifiedErrorId : CommandNotFoundException

PS C:\Program Files\Microsoft Visual Studio\2022\Community> ¡Le agradecemos que haya elegido Microsoft!
¡Le : The term '¡Le' is not recognized as the name of a cmdlet, function, script file, or operable program. Check the s
pelling of the name, or if a path was included, verify that the path is correct and try again.
At line:1 char:1
+ ¡Le agradecemos que haya elegido Microsoft!
+ ~~~
    + CategoryInfo          : ObjectNotFound: (¡Le:String) [], CommandNotFoundException
    + FullyQualifiedErrorId : CommandNotFoundException

PS C:\Program Files\Microsoft Visual Studio\2022\Community> Según cómo haya obtenido el software Windows, el presente es un contrato de licencia entre (i) usted y el fabricante del dispositivo o instalador del software que distribuya el software con su dispositivo; o (ii) usted y Microsoft Corporation (o, según su lugar de residencia o, si es una empresa, donde está ubicado el lugar principal de su negocio, una de sus filiales) si usted adquirió el software de un distribuidor. Microsoft es el fabricante de dispositivos para los dispositivos producidos por Microsoft o una de sus filiales, y Microsoft es el distribuidor si usted adquirió el software directamente de Microsoft. Si es un cliente de licencia por volumen, el uso que haga de este software está sujeto al contrato de licencia por volumen en lugar de este contrato.
At line:1 char:246
+ ...  con su dispositivo; o (ii) usted y Microsoft Corporation (o, según s ...
+                                                                 ~
Missing argument in parameter list.
    + CategoryInfo          : ParserError: (:) [], ParentContainsErrorRecordException
    + FullyQualifiedErrorId : MissingArgument

PS C:\Program Files\Microsoft Visual Studio\2022\Community> El presente contrato describe sus derechos, obligaciones y condiciones en virtud de las cuales puede utilizar el software Windows. Es esencial leer el contrato completo, incluso los términos de licencia complementarios que acompañen al software y los términos relacionados que puedan existir, porque todos ellos son importantes y, en conjunto, dan lugar al contrato que se le aplicará a usted. Puede revisar los términos
 relacionados copiando el vínculo (aka.ms/) en una ventana del explorador.
aka.ms/ : The term 'aka.ms/' is not recognized as the name of a cmdlet, function, script file, or operable program. Che
ck the spelling of the name, or if a path was included, verify that the path is correct and try again.
At line:1 char:456
+ ... evisar los términos relacionados copiando el vínculo (aka.ms/) en una ...
+                                                           ~~~~~~~
    + CategoryInfo          : ObjectNotFound: (aka.ms/:String) [], CommandNotFoundException
    + FullyQualifiedErrorId : CommandNotFoundException

PS C:\Program Files\Microsoft Visual Studio\2022\Community> Al aceptar el presente contrato o al utilizar el software, usted acepta todos estos términos, y brinda su consentimiento para la transmisión de determinada información durante la activación y durante el uso que usted haga del software conforme a la declaración de privacidad que se describe en la Sección 3. Si no acepta o cumple estos los términos, no podrá utilizar el software ni sus funciones. Puede ponerse en contacto con el fabricante o instalador del dispositivo, o con el distribuidor a quien le haya comprado el dispositivo directamente, para saber cuál es su política de devoluciones y devolver el software o dispositivo para obtener el reembolso o crédito conforme a dicha política. Usted debe cumplir con esa política, que puede requerirle la devolución del software con el dispositivo completo en el cual se instaló el software, para obtener el reembolso o crédito, si lo hubiere.
Microsoft (R) Assembly Linker version 14.8.3928.0
Copyright (C) Microsoft Corporation. All rights reserved.

ALINK: warning AL1062: Module 'c:\Program Files\Microsoft Visual Studio\2022\Community\el' was specified multiple times;        it will only be included once
ALINK: warning AL1062: Module 'c:\Program Files\Microsoft Visual Studio\2022\Community\la' was specified multiple times;        it will only be included once
ALINK: warning AL1062: Module 'c:\Program Files\Microsoft Visual Studio\2022\Community\y' was specified multiple times;
        it will only be included once
ALINK: warning AL1062: Module 'c:\Program Files\Microsoft Visual Studio\2022\Community\durante' was specified multiple
        times; it will only be included once
ALINK: warning AL1062: Module 'c:\Program Files\Microsoft Visual Studio\2022\Community\el' was specified multiple times;        it will only be included once
ALINK: warning AL1062: Module 'c:\Program Files\Microsoft Visual Studio\2022\Community\usted' was specified multiple
        times; it will only be included once
ALINK: warning AL1062: Module 'c:\Program Files\Microsoft Visual Studio\2022\Community\software' was specified multiple
        times; it will only be included once
ALINK: warning AL1062: Module 'c:\Program Files\Microsoft Visual Studio\2022\Community\la' was specified multiple times;        it will only be included once
ALINK: warning AL1062: Module 'c:\Program Files\Microsoft Visual Studio\2022\Community\de' was specified multiple times;        it will only be included once
ALINK: warning AL1062: Module 'c:\Program Files\Microsoft Visual Studio\2022\Community\que' was specified multiple
        times; it will only be included once
ALINK: warning AL1062: Module 'c:\Program Files\Microsoft Visual Studio\2022\Community\la' was specified multiple times;        it will only be included once
ALINK: warning AL1062: Module 'c:\Program Files\Microsoft Visual Studio\2022\Community\acepta' was specified multiple
        times; it will only be included once
ALINK: warning AL1062: Module 'c:\Program Files\Microsoft Visual Studio\2022\Community\o' was specified multiple times;
        it will only be included once
ALINK: warning AL1062: Module 'c:\Program Files\Microsoft Visual Studio\2022\Community\estos' was specified multiple
        times; it will only be included once
ALINK: warning AL1062: Module 'c:\Program Files\Microsoft Visual Studio\2022\Community\términos' was specified multiple
        times; it will only be included once
ALINK: warning AL1062: Module 'c:\Program Files\Microsoft Visual Studio\2022\Community\no' was specified multiple times;        it will only be included once
ALINK: warning AL1062: Module 'c:\Program Files\Microsoft Visual Studio\2022\Community\utilizar' was specified multiple
        times; it will only be included once
ALINK: warning AL1062: Module 'c:\Program Files\Microsoft Visual Studio\2022\Community\el' was specified multiple times;        it will only be included once
ALINK: warning AL1062: Module 'c:\Program Files\Microsoft Visual Studio\2022\Community\software' was specified multiple
        times; it will only be included once
ALINK: warning AL1062: Module 'c:\Program Files\Microsoft Visual Studio\2022\Community\en' was specified multiple times;        it will only be included once
ALINK: fatal error AL1065: File name 'con' is too long or invalid
ALINK: warning AL1062: Module 'c:\Program Files\Microsoft Visual Studio\2022\Community\el' was specified multiple times;        it will only be included once
ALINK: warning AL1062: Module 'c:\Program Files\Microsoft Visual Studio\2022\Community\o' was specified multiple times;
        it will only be included once
ALINK: warning AL1062: Module 'c:\Program Files\Microsoft Visual Studio\2022\Community\del' was specified multiple
        times; it will only be included once
ALINK: warning AL1062: Module 'c:\Program Files\Microsoft Visual Studio\2022\Community\o' was specified multiple times;
        it will only be included once
ALINK: fatal error AL1065: File name 'con' is too long or invalid
ALINK: warning AL1062: Module 'c:\Program Files\Microsoft Visual Studio\2022\Community\el' was specified multiple times;        it will only be included once
ALINK: warning AL1062: Module 'c:\Program Files\Microsoft Visual Studio\2022\Community\a' was specified multiple times;
        it will only be included once
ALINK: warning AL1062: Module 'c:\Program Files\Microsoft Visual Studio\2022\Community\el' was specified multiple times;        it will only be included once
ALINK: warning AL1062: Module 'c:\Program Files\Microsoft Visual Studio\2022\Community\dispositivo' was specified
        multiple times; it will only be included once
ALINK: warning AL1062: Module 'c:\Program Files\Microsoft Visual Studio\2022\Community\para' was specified multiple
        times; it will only be included once
ALINK: warning AL1062: Module 'c:\Program Files\Microsoft Visual Studio\2022\Community\su' was specified multiple times;        it will only be included once
ALINK: warning AL1062: Module 'c:\Program Files\Microsoft Visual Studio\2022\Community\de' was specified multiple times;        it will only be included once
ALINK: warning AL1062: Module 'c:\Program Files\Microsoft Visual Studio\2022\Community\y' was specified multiple times;
        it will only be included once
ALINK: warning AL1062: Module 'c:\Program Files\Microsoft Visual Studio\2022\Community\el' was specified multiple times;        it will only be included once
ALINK: warning AL1062: Module 'c:\Program Files\Microsoft Visual Studio\2022\Community\software' was specified multiple
        times; it will only be included once
ALINK: warning AL1062: Module 'c:\Program Files\Microsoft Visual Studio\2022\Community\o' was specified multiple times;
        it will only be included once
ALINK: warning AL1062: Module 'c:\Program Files\Microsoft Visual Studio\2022\Community\dispositivo' was specified
        multiple times; it will only be included once
ALINK: warning AL1062: Module 'c:\Program Files\Microsoft Visual Studio\2022\Community\para' was specified multiple
        times; it will only be included once
ALINK: warning AL1062: Module 'c:\Program Files\Microsoft Visual Studio\2022\Community\el' was specified multiple times;        it will only be included once
ALINK: warning AL1062: Module 'c:\Program Files\Microsoft Visual Studio\2022\Community\o' was specified multiple times;
        it will only be included once
ALINK: warning AL1062: Module 'c:\Program Files\Microsoft Visual Studio\2022\Community\conforme' was specified multiple
        times; it will only be included once
ALINK: warning AL1062: Module 'c:\Program Files\Microsoft Visual Studio\2022\Community\a' was specified multiple times;
        it will only be included once
ALINK: warning AL1062: Module 'c:\Program Files\Microsoft Visual Studio\2022\Community\política' was specified multiple
        times; it will only be included once
ALINK: warning AL1062: Module 'c:\Program Files\Microsoft Visual Studio\2022\Community\Usted' was specified multiple
        times; it will only be included once
ALINK: fatal error AL1065: File name 'con' is too long or invalid
ALINK: warning AL1062: Module 'c:\Program Files\Microsoft Visual Studio\2022\Community\política' was specified multiple
        times; it will only be included once
ALINK: warning AL1062: Module 'c:\Program Files\Microsoft Visual Studio\2022\Community\que' was specified multiple
        times; it will only be included once
ALINK: warning AL1062: Module 'c:\Program Files\Microsoft Visual Studio\2022\Community\puede' was specified multiple
        times; it will only be included once
ALINK: warning AL1062: Module 'c:\Program Files\Microsoft Visual Studio\2022\Community\la' was specified multiple times;        it will only be included once
ALINK: warning AL1062: Module 'c:\Program Files\Microsoft Visual Studio\2022\Community\del' was specified multiple
        times; it will only be included once
ALINK: warning AL1062: Module 'c:\Program Files\Microsoft Visual Studio\2022\Community\software' was specified multiple
        times; it will only be included once
ALINK: fatal error AL1065: File name 'con' is too long or invalid
ALINK: warning AL1062: Module 'c:\Program Files\Microsoft Visual Studio\2022\Community\el' was specified multiple times;        it will only be included once
ALINK: warning AL1062: Module 'c:\Program Files\Microsoft Visual Studio\2022\Community\dispositivo' was specified
        multiple times; it will only be included once
ALINK: warning AL1062: Module 'c:\Program Files\Microsoft Visual Studio\2022\Community\en' was specified multiple times;        it will only be included once
ALINK: warning AL1062: Module 'c:\Program Files\Microsoft Visual Studio\2022\Community\el' was specified multiple times;        it will only be included once
ALINK: warning AL1062: Module 'c:\Program Files\Microsoft Visual Studio\2022\Community\se' was specified multiple times;        it will only be included once
ALINK: warning AL1062: Module 'c:\Program Files\Microsoft Visual Studio\2022\Community\el' was specified multiple times;        it will only be included once
ALINK: warning AL1062: Module 'c:\Program Files\Microsoft Visual Studio\2022\Community\software' was specified multiple
        times; it will only be included once
ALINK: warning AL1062: Module 'c:\Program Files\Microsoft Visual Studio\2022\Community\para' was specified multiple
        times; it will only be included once
ALINK: warning AL1062: Module 'c:\Program Files\Microsoft Visual Studio\2022\Community\obtener' was specified multiple
        times; it will only be included once
ALINK: warning AL1062: Module 'c:\Program Files\Microsoft Visual Studio\2022\Community\el' was specified multiple times;        it will only be included once
ALINK: warning AL1062: Module 'c:\Program Files\Microsoft Visual Studio\2022\Community\reembolso' was specified multiple        times; it will only be included once
ALINK: warning AL1062: Module 'c:\Program Files\Microsoft Visual Studio\2022\Community\o' was specified multiple times;
        it will only be included once
ALINK: warning AL1062: Module 'c:\Program Files\Microsoft Visual Studio\2022\Community\crédito' was specified multiple
        times; it will only be included once
ALINK: warning AL1062: Module 'c:\Program Files\Microsoft Visual Studio\2022\Community\si' was specified multiple times;        it will only be included once
PS C:\Program Files\Microsoft Visual Studio\2022\Community> 1.      Descripción general.
At line:1 char:9
+ 1.      Descripción general.
+         ~~~~~~~~~~~
Unexpected token 'Descripción' in expression or statement.
    + CategoryInfo          : ParserError: (:) [], ParentContainsErrorRecordException
    + FullyQualifiedErrorId : UnexpectedToken

PS C:\Program Files\Microsoft Visual Studio\2022\Community> a.      Aplicación. El presente contrato se aplica al software Windows que esté preinstalado en su dispositivo, o haya adquirido de un distribuidor y haya instalado usted mismo, el medio en el que recibió el software (si lo hubiere), cualesquiera fuentes, iconos, imágenes o archivos de sonido incluidos en el software, y también cualquier actualización, mejora, suplemento o servicio de Microsoft para el software, a menos que estén acompañados por otros términos. También se aplica a aplicaciones Windows desarrolladas por Microsoft que proporcionan funcionalidades como correo, contactos, música y fotos que se incluyen y forman parte de Windows. Si este contrato contiene términos relativos a una característica o servicio no disponible en su dispositivo, esos términos no son
 aplicables.
si : Provider operation stopped because the provider does not support this operation.
At line:1 char:219
+ ...  mismo, el medio en el que recibió el software (si lo hubiere), cuale ...
+                                                     ~~~~~~~~~~~~~
    + CategoryInfo          : NotImplemented: (:) [Set-Item], PSNotSupportedException
    + FullyQualifiedErrorId : NotSupported,Microsoft.PowerShell.Commands.SetItemCommand

PS C:\Program Files\Microsoft Visual Studio\2022\Community> b.      Términos adicionales. Dependiendo de las capacidades de su dispositivo, de cómo se configura y de cómo lo utiliza, puede que se apliquen términos adicionales de Microsoft y
 de terceros al uso que usted haga de determinadas funciones, servicios y aplicaciones. Léalas detenidamente.
b. : The term 'b.' is not recognized as the name of a cmdlet, function, script file, or operable program. Check the spe
lling of the name, or if a path was included, verify that the path is correct and try again.
At line:1 char:1
+ b.      Términos adicionales. Dependiendo de las capacidades de su di ...
+ ~~
    + CategoryInfo          : ObjectNotFound: (b.:String) [], CommandNotFoundException
    + FullyQualifiedErrorId : CommandNotFoundException

PS C:\Program Files\Microsoft Visual Studio\2022\Community> (i)      Algunas aplicaciones de Windows proporcionan un punto de acceso a, o se basan en, servicios en línea, y el uso de dichos servicios se rige a veces por términos y políticas de privacidad independientes, como el Contrato de Servicios de Microsoft en https://aka.ms/msa. Puede ver estos términos y políticas examinando los términos de uso o los parámetros de la aplicación, según corresponda. Los servicios pueden no estar disponibles en todas las regiones.
At line:1 char:10
+ (i)      Algunas aplicaciones de Windows proporcionan un punto de acc ...
+          ~~~~~~~
Unexpected token 'Algunas' in expression or statement.
    + CategoryInfo          : ParserError: (:) [], ParentContainsErrorRecordException
    + FullyQualifiedErrorId : UnexpectedToken

PS C:\Program Files\Microsoft Visual Studio\2022\Community> (ii)     Microsoft, o el fabricante o instalador del dispositivo pueden incluir aplicaciones adicionales, que estarán sujetas a términos de licencia y políticas de privacidad independientes.
At line:1 char:10
+ (ii)     Microsoft, o el fabricante o instalador del dispositivo pued ...
+          ~~~~~~~~~
Unexpected token 'Microsoft' in expression or statement.
At line:1 char:19
+ (ii)     Microsoft, o el fabricante o instalador del dispositivo pued ...
+                   ~
Missing argument in parameter list.
    + CategoryInfo          : ParserError: (:) [], ParentContainsErrorRecordException
    + FullyQualifiedErrorId : UnexpectedToken

PS C:\Program Files\Microsoft Visual Studio\2022\Community> (iii)    El software puede incluir programas de terceros a los que a usted ha otorgado licencia bajo este contrato, o bajo sus propios términos. Los términos, avisos y reconocimientos de licencia para los programas de terceros pueden verse en https://aka.ms/thirdpartynotices.
At line:1 char:10
+ (iii)    El software puede incluir programas de terceros a los que a  ...
+          ~~
Unexpected token 'El' in expression or statement.
    + CategoryInfo          : ParserError: (:) [], ParentContainsErrorRecordException
    + FullyQualifiedErrorId : UnexpectedToken

PS C:\Program Files\Microsoft Visual Studio\2022\Community> (iv)     En la medida en que se incluya en Windows, Word, Excel, Powerpoint y OnNote tienen licencia para su uso personal y no comercial, a menos que tenga derechos de uso comercial bajo un acuerdo independiente.
At line:1 char:10
+ (iv)     En la medida en que se incluya en Windows, Word, Excel, Powe ...
+          ~~
Unexpected token 'En' in expression or statement.
    + CategoryInfo          : ParserError: (:) [], ParentContainsErrorRecordException
    + FullyQualifiedErrorId : UnexpectedToken

PS C:\Program Files\Microsoft Visual Studio\2022\Community> 2.      Derechos de instalación y uso.
At line:1 char:9
+ 2.      Derechos de instalación y uso.
+         ~~~~~~~~
Unexpected token 'Derechos' in expression or statement.
    + CategoryInfo          : ParserError: (:) [], ParentContainsErrorRecordException
    + FullyQualifiedErrorId : UnexpectedToken

PS C:\Program Files\Microsoft Visual Studio\2022\Community> a.      Licencia. El software se cede bajo licencia y no es objeto de venta. En virtud de este contrato, le concedemos el derecho a instalar y ejecutar una instancia del software en su dispositivo (el dispositivo con licencia), para su uso por una persona cada vez, siempre que cumpla con los términos y restricciones contenidos en este contrato. La actualización de un software no original a software de Microsoft o de fuentes autorizadas no hace que su versión original o la versión actualizada sea genuina y, en esa situación, no tiene usted licencia para utilizar el software.
el : The term 'el' is not recognized as the name of a cmdlet, function, script file, or operable program. Check the spe
lling of the name, or if a path was included, verify that the path is correct and try again.
At line:1 char:199
+ ... r y ejecutar una instancia del software en su dispositivo (el disposi ...
+                                                                ~~
    + CategoryInfo          : ObjectNotFound: (el:String) [], CommandNotFoundException
    + FullyQualifiedErrorId : CommandNotFoundException

PS C:\Program Files\Microsoft Visual Studio\2022\Community> b.      Dispositivo. En este contrato, “dispositivo” hace referencia a un sistema de hardware local (ya sea físico o virtual) con un dispositivo de almacenamiento interno capaz de ejecutar el software. Una partición o división de hardware es considerada como un dispositivo. A efectos de este contrato, “dispositivo” no incluye ningún sistema de hardware (ya sea físico o virtual) en el que se instale o se acceda al software únicamente para uso remoto a través de una red.
ya : The term 'ya' is not recognized as the name of a cmdlet, function, script file, or operable program. Check the spe
lling of the name, or if a path was included, verify that the path is correct and try again.
At line:1 char:102
+ ... spositivo” hace referencia a un sistema de hardware local (ya sea fís ...
+                                                                ~~
    + CategoryInfo          : ObjectNotFound: (ya:String) [], CommandNotFoundException
    + FullyQualifiedErrorId : CommandNotFoundException

PS C:\Program Files\Microsoft Visual Studio\2022\Community> c.      Restricciones. El fabricante o instalador del dispositivo y Microsoft se reservan todos los derechos (como los derechos conforme a la ley de propiedad intelectual) no concedidos expresamente en virtud del presente contrato y no se le conceden otros derechos por licencia. Para evitar dudas, esta licencia no le otorga ningún derecho, y usted no puede (ni puede permitir que ninguna otra persona o entidad proceda
 a las siguientes acciones):
como : The term 'como' is not recognized as the name of a cmdlet, function, script file, or operable program. Check the
 spelling of the name, or if a path was included, verify that the path is correct and try again.
At line:1 char:111
+ ...  dispositivo y Microsoft se reservan todos los derechos (como los der ...
+                                                              ~~~~
    + CategoryInfo          : ObjectNotFound: (como:String) [], CommandNotFoundException
    + FullyQualifiedErrorId : CommandNotFoundException

PS C:\Program Files\Microsoft Visual Studio\2022\Community> (i)      utilizar o virtualizar las funciones del software por separado;
At line:1 char:10
+ (i)      utilizar o virtualizar las funciones del software por separa ...
+          ~~~~~~~~
Unexpected token 'utilizar' in expression or statement.
    + CategoryInfo          : ParserError: (:) [], ParentContainsErrorRecordException
    + FullyQualifiedErrorId : UnexpectedToken

PS C:\Program Files\Microsoft Visual Studio\2022\Community> (ii)     publicar, copiar (excepto copias de seguridad permitidas), alquilar, arrendar o prestar el software;
At line:1 char:10
+ (ii)     publicar, copiar (excepto copias de seguridad permitidas), a ...
+          ~~~~~~~~
Unexpected token 'publicar' in expression or statement.
At line:1 char:18
+ (ii)     publicar, copiar (excepto copias de seguridad permitidas), a ...
+                  ~
Missing argument in parameter list.
    + CategoryInfo          : ParserError: (:) [], ParentContainsErrorRecordException
    + FullyQualifiedErrorId : UnexpectedToken

PS C:\Program Files\Microsoft Visual Studio\2022\Community> (iii)    transferir el software (excepto según lo permitido por el presente contrato);
At line:1 char:10
+ (iii)    transferir el software (excepto según lo permitido por el pr ...
+          ~~~~~~~~~~
Unexpected token 'transferir' in expression or statement.
    + CategoryInfo          : ParserError: (:) [], ParentContainsErrorRecordException
    + FullyQualifiedErrorId : UnexpectedToken

PS C:\Program Files\Microsoft Visual Studio\2022\Community> (iv)    eludir las limitaciones o restricciones técnicas del
 software;
At line:1 char:9
+ (iv)    eludir las limitaciones o restricciones técnicas del software ...
+         ~~~~~~
Unexpected token 'eludir' in expression or statement.
    + CategoryInfo          : ParserError: (:) [], ParentContainsErrorRecordException
    + FullyQualifiedErrorId : UnexpectedToken

PS C:\Program Files\Microsoft Visual Studio\2022\Community> (v)     utilizar el software como software de servidor o para operar el dispositivo como un servidor, excepto según lo permitido en la Sección 2(d)(iii) a continuación; utilizar el software para ofrecer servicios de alojamiento comercial; poner el software a disposición de más de un usuario a través de una red, excepto según lo permitido en la Sección 2(d)(vi) a continuación; instalar el software en un servidor para acceso remoto o uso a través de una red; o instalar el software en un dispositivo solo para uso remoto;
At line:1 char:9
+ (v)     utilizar el software como software de servidor o para operar  ...
+         ~~~~~~~~
Unexpected token 'utilizar' in expression or statement.
    + CategoryInfo          : ParserError: (:) [], ParentContainsErrorRecordException
    + FullyQualifiedErrorId : UnexpectedToken

PS C:\Program Files\Microsoft Visual Studio\2022\Community> (vi)    realizar ingeniería inversa, descompilar o desensamblar el software o intentar de otro modo hacerlo, excepto en la medida en que la restricción anterior sea (a) permitida por la legislación aplicable; (b) exigida por los términos de licencia de terceros que rigen el uso de determinados componentes de código abierto que se puedan incluir con el Software; o (c) que se requiera para depurar los cambios en cualquier genoteca con licencia de conformidad con la Licencia pública general menor de GNU que se incluye y vincula con el Software; y
At line:1 char:9
+ (vi)    realizar ingeniería inversa, descompilar o desensamblar el so ...
+         ~~~~~~~~
Unexpected token 'realizar' in expression or statement.
At line:1 char:214
+ ... r sea (a) permitida por la legislación aplicable; (b) exigida por los ...
+                                                           ~~~~~~~
Unexpected token 'exigida' in expression or statement.
    + CategoryInfo          : ParserError: (:) [], ParentContainsErrorRecordException
    + FullyQualifiedErrorId : UnexpectedToken

PS C:\Program Files\Microsoft Visual Studio\2022\Community> (vii)   cuando utilice funciones de Internet, no podrá utilizar dichas funciones de ningún modo no autorizado que pueda interferir con el uso del mismo por parte de cualquier otra persona, o intentar acceder o utilizar cualquier servicio, dato, cuenta o red, de cualquier manera no autorizada.
At line:1 char:9
+ (vii)   cuando utilice funciones de Internet, no podrá utilizar dicha ...
+         ~~~~~~
Unexpected token 'cuando' in expression or statement.
    + CategoryInfo          : ParserError: (:) [], ParentContainsErrorRecordException
    + FullyQualifiedErrorId : UnexpectedToken

PS C:\Program Files\Microsoft Visual Studio\2022\Community> d.      Escenarios de múltiples usos.
d. : The term 'd.' is not recognized as the name of a cmdlet, function, script file, or operable program. Check the spe
lling of the name, or if a path was included, verify that the path is correct and try again.
At line:1 char:1
+ d.      Escenarios de múltiples usos.
+ ~~
    + CategoryInfo          : ObjectNotFound: (d.:String) [], CommandNotFoundException
    + FullyQualifiedErrorId : CommandNotFoundException

PS C:\Program Files\Microsoft Visual Studio\2022\Community> (i)      Varias versiones. Si al adquirir el software se le proporcionaron varias versiones (como las versiones 32-bit 64-bit) solo puede instalar y activar una de esas versiones a
 la vez.
At line:1 char:10
+ (i)      Varias versiones. Si al adquirir el software se le proporcio ...
+          ~~~~~~
Unexpected token 'Varias' in expression or statement.
    + CategoryInfo          : ParserError: (:) [], ParentContainsErrorRecordException
    + FullyQualifiedErrorId : UnexpectedToken

PS C:\Program Files\Microsoft Visual Studio\2022\Community> (ii)     Conexiones múltiples o agrupadas. El hardware o software que utilice para multiplexar o agrupar conexiones, o reducir el número de dispositivos o usuarios que acceden o utilizan el software, no reduce el número de licencias que necesita. Solo podrá utilizar dicho hardware o software si dispone de una licencia para cada instancia del software que esté utilizando.
At line:1 char:10
+ (ii)     Conexiones múltiples o agrupadas. El hardware o software que ...
+          ~~~~~~~~~~
Unexpected token 'Conexiones' in expression or statement.
    + CategoryInfo          : ParserError: (:) [], ParentContainsErrorRecordException
    + FullyQualifiedErrorId : UnexpectedToken

PS C:\Program Files\Microsoft Visual Studio\2022\Community> (iii)    Conexiones de dispositivos. Usted podrá autorizar que otros 20 dispositivos como máximo tengan acceso al software instalado únicamente para utilizar las características de softwre siguientes con fines personales o internos: los servicios de archivos, los servicios de impresión, Internet Information Services, la Conexión compartida a Internet y los servicios de telefonía en el dispositivo con licencia. Puede permitir que cualquier número de dispositivos acceda al software del dispositivo con licencia para sincronizar datos entre dispositivos. Sin embargo, esta subsección no significa que usted tenga derecho a instalar el software, o utilizar la función principal del software (al margen de las funciones enumeradas en esta subsección), en ninguno de estos otros dispositivos.
At line:1 char:10
+ (iii)    Conexiones de dispositivos. Usted podrá autorizar que otros  ...
+          ~~~~~~~~~~
Unexpected token 'Conexiones' in expression or statement.
    + CategoryInfo          : ParserError: (:) [], ParentContainsErrorRecordException
    + FullyQualifiedErrorId : UnexpectedToken

PS C:\Program Files\Microsoft Visual Studio\2022\Community> (iv)    Uso en un entorno virtualizado. La licencia le permite instalar únicamente una instancia del software para su uso en un dispositivo, tanto si el dispositivo es físico como virtual. Si desea utilizar el software en más de un dispositivo virtual, debe obtener una licencia independiente para cada instancia.
At line:1 char:9
+ (iv)    Uso en un entorno virtualizado. La licencia le permite instal ...
+         ~~~
Unexpected token 'Uso' in expression or statement.
    + CategoryInfo          : ParserError: (:) [], ParentContainsErrorRecordException
    + FullyQualifiedErrorId : UnexpectedToken

PS C:\Program Files\Microsoft Visual Studio\2022\Community> (v)     Acceso remoto. No más de una vez cada 90 días, puede designar un único usuario que utilice físicamente el dispositivo con licencia como usuario con licencia. El usuario con licencia puede acceder al dispositivo con licencia desde otro dispositivo utilizando tecnologías de acceso remoto durante un período de hasta 365 días desde el último uso físico. Otros usuarios, en diferentes momentos, pueden acceder al dispositivo con licencia desde otro dispositivo utilizando tecnologías de acceso remoto, pero solo en dispositivos con licencia independiente para ejecutar la misma edición o una versión superior de este software.
At line:1 char:9
+ (v)     Acceso remoto. No más de una vez cada 90 días, puede designar ...
+         ~~~~~~
Unexpected token 'Acceso' in expression or statement.
    + CategoryInfo          : ParserError: (:) [], ParentContainsErrorRecordException
    + FullyQualifiedErrorId : UnexpectedToken

PS C:\Program Files\Microsoft Visual Studio\2022\Community> (vi)    Asistencia remota. Puede utilizar tecnologías de asistencia remota para compartir una sesión activa sin obtener licencias adicionales para el software. La asistencia remota
 permite a un usuario conectarse directamente al ordenador de otro usuario, normalmente para corregir problemas.
At line:1 char:9
+ (vi)    Asistencia remota. Puede utilizar tecnologías de asistencia r ...
+         ~~~~~~~~~~
Unexpected token 'Asistencia' in expression or statement.
    + CategoryInfo          : ParserError: (:) [], ParentContainsErrorRecordException
    + FullyQualifiedErrorId : UnexpectedToken

PS C:\Program Files\Microsoft Visual Studio\2022\Community> e.      Copia de seguridad. Puede hacer una única copia del software con fines de copia de seguridad y también puede utilizar esa copia de seguridad para transferir el software si se adquirió como software independiente, como se describe en la Sección 4 a continuación.
e. : The term 'e.' is not recognized as the name of a cmdlet, function, script file, or operable program. Check the spe
lling of the name, or if a path was included, verify that the path is correct and try again.
At line:1 char:1
+ e.      Copia de seguridad. Puede hacer una única copia del software  ...
+ ~~
    + CategoryInfo          : ObjectNotFound: (e.:String) [], CommandNotFoundException
    + FullyQualifiedErrorId : CommandNotFoundException

PS C:\Program Files\Microsoft Visual Studio\2022\Community> 3.      Privacidad; Consentimiento para el uso de datos. Su privacidad es importante para nosotros. Algunas de las funciones del software envían o reciben información cuando usan dichas funciones. Muchas de estas funciones se pueden apagar en la interfaz del usuario o puede elegir no usarlas. Al aceptar este contrato y usar el software, acepta que Microsoft pueda reunir, usar y divulgar la información según lo descrito en la Declaración de Privacidad de Microsoft en https://aka.ms/privacy, , y según pueda estar descrito en la interfaz
 del usuario relacionada con las funciones del software.
At line:1 char:9
+ 3.      Privacidad; Consentimiento para el uso de datos. Su privacida ...
+         ~~~~~~~~~~
Unexpected token 'Privacidad' in expression or statement.
At line:1 char:495
+ ... aración de Privacidad de Microsoft en https://aka.ms/privacy, , y seg ...
+                                                                  ~
Missing expression after ',' in pipeline element.
At line:1 char:496
+ ... ación de Privacidad de Microsoft en https://aka.ms/privacy, , y según ...
+                                                                 ~
Missing argument in parameter list.
    + CategoryInfo          : ParserError: (:) [], ParentContainsErrorRecordException
    + FullyQualifiedErrorId : UnexpectedToken

PS C:\Program Files\Microsoft Visual Studio\2022\Community> 4.      Transferencia. Las disposiciones de esta sección no se aplican si adquirió el software en Alemania o en cualquiera de los países enumerados en este sitio https://aka.ms/transfer, en cuyo caso toda transmisión del software a un tercero, además del derecho para utilizarlo, deben cumplir con la
 legislación aplicable.
At line:1 char:9
+ 4.      Transferencia. Las disposiciones de esta sección no se aplica ...
+         ~~~~~~~~~~~~~~
Unexpected token 'Transferencia.' in expression or statement.
    + CategoryInfo          : ParserError: (:) [], ParentContainsErrorRecordException
    + FullyQualifiedErrorId : UnexpectedToken

PS C:\Program Files\Microsoft Visual Studio\2022\Community> a.      Software preinstalado en el dispositivo. Si adquirió el software preinstalado en el dispositivo (y también si ha actualizado la versión del software preinstalado en un dispositivo), sólo puede transferir la licencia para usar el software directamente a otro usuario junto con el dispositivo con licencia. La transferencia debe incluir el software y, si se proporciona con el dispositivo, una etiqueta de Windows auténtica que incluya la clave del producto. Antes de efectuar cualquier transferencia permitida, la otra parte deberá aceptar que los términos del presente contrato se aplican a la transferencia y al uso del software.
y : The term 'y' is not recognized as the name of a cmdlet, function, script file, or operable program. Check the spell
ing of the name, or if a path was included, verify that the path is correct and try again.
At line:1 char:106
+ ... vo. Si adquirió el software preinstalado en el dispositivo (y también ...
+                                                                 ~
    + CategoryInfo          : ObjectNotFound: (y:String) [], CommandNotFoundException
    + FullyQualifiedErrorId : CommandNotFoundException

PS C:\Program Files\Microsoft Visual Studio\2022\Community> b.      Software independiente. Si ha adquirido el software como software independiente (y también si ha actualizado el software adquirido como software independiente), puede transferir el software a otro dispositivo que le pertenezca. También puede transferir el software a un dispositivo propiedad de otra persona si (i) es el primer usuario con licencia del software y (ii) el nuevo usuario acepta los términos de este contrato. Puede utilizar la copia de seguridad que le permitimos hacer o los soportes físicos en los que se vino el software para transferirlo. Cada vez que transfiera el software a un nuevo dispositivo, deberá eliminar el software del dispositivo anterior. No puede transferir el software para compartir licencias entre dispositivos.
y : The term 'y' is not recognized as the name of a cmdlet, function, script file, or operable program. Check the spell
ing of the name, or if a path was included, verify that the path is correct and try again.
At line:1 char:90
+ ... e. Si ha adquirido el software como software independiente (y también ...
+                                                                 ~
    + CategoryInfo          : ObjectNotFound: (y:String) [], CommandNotFoundException
    + FullyQualifiedErrorId : CommandNotFoundException

PS C:\Program Files\Microsoft Visual Studio\2022\Community> 5.      Software y activación autorizados. Usted está autorizado a utilizar este software únicamente si tiene la licencia adecuada y el software se ha activado correctamente con una clave de producto original o mediante otro método autorizado. Cuando se conecte a Internet mientras utiliza el software, el software se pondrá automáticamente en contacto con Microsoft o su filial para realizar la activación y asociarlo a un determinado dispositivo. También puede activar el software manualmente por teléfono o a través de Internet. En cualquier caso, se producirá la transmisión de cierta información, y puede que se le apliquen cargos por Internet, teléfono y servicio de SMS. Durante la activación (o la reactivación que se desencadene por cambios en los componentes de su dispositivo), el software puede determinar que la instancia instalada del software está falsificada, tiene una licencia inadecuada o incluye cambios no autorizados. Si falla la activación, el software intentará repararse solo sustituyendo cualquier software de Microsoft manipulado por software de Microsoft original. También puede recibir recordatorios para obtener una licencia adecuada para el software. La activación correcta no confirma que el software sea auténtico o tenga una licencia adecuada. No puede evitar o eludir la activación. Para ayudar a determinar si su software es auténtico y si tiene la licencia adecuada, consulte https://aka.ms/genuine. Ciertas actualizaciones, soporte y otros servicios pueden ofrecerse únicamente a usuarios de software original de Microsoft.
At line:1 char:9
+ 5.      Software y activación autorizados. Usted está autorizado a ut ...
+         ~~~~~~~~
Unexpected token 'Software' in expression or statement.
    + CategoryInfo          : ParserError: (:) [], ParentContainsErrorRecordException
    + FullyQualifiedErrorId : UnexpectedToken

PS C:\Program Files\Microsoft Visual Studio\2022\Community> 6.      Actualizaciones. El software puede verificar periódicamente si hay actualizaciones del sistema y de las aplicaciones, y descargarlas e instalarlas por usted. Puede obtener actualizaciones solo de Microsoft o fuentes autorizadas, y Microsoft puede necesitar actualizar su sistema para proporcionarle dichas actualizaciones. Al aceptar este contrato o utilizar el software, usted acepta recibir estos tipos de actualizaciones automáticas sin una notificación adicional.
At line:1 char:9
+ 6.      Actualizaciones. El software puede verificar periódicamente s ...
+         ~~~~~~~~~~~~~~~~
Unexpected token 'Actualizaciones.' in expression or statement.
    + CategoryInfo          : ParserError: (:) [], ParentContainsErrorRecordException
    + FullyQualifiedErrorId : UnexpectedToken

PS C:\Program Files\Microsoft Visual Studio\2022\Community> 7.      Especificaciones de hardware; Derechos de versiones anteriores.
At line:1 char:9
+ 7.      Especificaciones de hardware; Derechos de versiones anteriore ...
+         ~~~~~~~~~~~~~~~~
Unexpected token 'Especificaciones' in expression or statement.
    + CategoryInfo          : ParserError: (:) [], ParentContainsErrorRecordException
    + FullyQualifiedErrorId : UnexpectedToken

PS C:\Program Files\Microsoft Visual Studio\2022\Community> a. Especificaciones de hardware.  Ciertas versiones del software de Windows solo son compatibles con hardware que cumpla los requisitos de sistema especificados, según indique Microsoft en cada momento, y que están disponibles en https://aka.ms/minhw.
a. : The term 'a.' is not recognized as the name of a cmdlet, function, script file, or operable program. Check the spe
lling of the name, or if a path was included, verify that the path is correct and try again.
At line:1 char:1
+ a. Especificaciones de hardware.  Ciertas versiones del software de W ...
+ ~~
    + CategoryInfo          : ObjectNotFound: (a.:String) [], CommandNotFoundException
    + FullyQualifiedErrorId : CommandNotFoundException

PS C:\Program Files\Microsoft Visual Studio\2022\Community>
PS C:\Program Files\Microsoft Visual Studio\2022\Community> b.  Derechos de Versiones Anteriores.  Si adquirió un dispositivo de un fabricante o instalador con una versión Professional de Windows preinstalada en él y está configurado para ejecutarse en modo de funcionalidad completa, puede pasar a una edición anterior equivalente con una versión anterior de Windows Professional, pero solo mientras Microsoft proporcione soporte para esa versión anterior según se establece en https://aka.ms/windowslifecycle, y admita esa versión anterior en su hardware como se establece en https://aka.ms/minhw. El presente contrato será de aplicación a la utilización por su parte de las versiones anteriores. Si la versión incluyese diferentes componentes, se aplicarán los términos correspondientes a los incluidos en el contrato de la versión anterior para que pueda utilizar dichos componentes. Ni el fabricante ni el instalador del dispositivo ni Microsoft están obligados a proporcionarle las versiones anteriores. Debe obtener la versión anterior por separado, por la que se le puede cobrar su precio. En cualquier momento, puede sustituir una versión anterior por la versión que adquirió originalmente.
b. : The term 'b.' is not recognized as the name of a cmdlet, function, script file, or operable program. Check the spe
lling of the name, or if a path was included, verify that the path is correct and try again.
At line:1 char:1
+ b.  Derechos de Versiones Anteriores.  Si adquirió un dispositivo de  ...
+ ~~
    + CategoryInfo          : ObjectNotFound: (b.:String) [], CommandNotFoundException
    + FullyQualifiedErrorId : CommandNotFoundException

PS C:\Program Files\Microsoft Visual Studio\2022\Community>
PS C:\Program Files\Microsoft Visual Studio\2022\Community> 8.      Restricciones en materia de exportación. Usted debe cumplir todas las leyes y reglamentos nacionales e internacionales que sean de aplicación al software, lo que incluye restricciones respecto a destinos, usuarios finales y uso final. Para más información sobre las restricciones en materia de exportación, visite http://aka.ms/exporting.
At line:1 char:9
+ 8.      Restricciones en materia de exportación. Usted debe cumplir t ...
+         ~~~~~~~~~~~~~
Unexpected token 'Restricciones' in expression or statement.
    + CategoryInfo          : ParserError: (:) [], ParentContainsErrorRecordException
    + FullyQualifiedErrorId : UnexpectedToken

PS C:\Program Files\Microsoft Visual Studio\2022\Community> 9.      Garantía, Exclusión, Recurso, Daños, y Procedimientos.
At line:1 char:9
+ 9.      Garantía, Exclusión, Recurso, Daños, y Procedimientos.
+         ~~~~~~~~
Unexpected token 'Garantía' in expression or statement.
At line:1 char:17
+ 9.      Garantía, Exclusión, Recurso, Daños, y Procedimientos.
+                 ~
Missing argument in parameter list.
    + CategoryInfo          : ParserError: (:) [], ParentContainsErrorRecordException
    + FullyQualifiedErrorId : UnexpectedToken

PS C:\Program Files\Microsoft Visual Studio\2022\Community> a.      Garantía limitada. Según cómo haya obtenido el software de Windows, Microsoft o el fabricante o instalador del dispositivo garantizan que el software con licencia de uso adecuada se ejecutará sustancialmente como se describe en los materiales de Microsoft que acompañan al software. Esta garantía limitada no cubre los problemas que usted cause, que surjan por no seguir las instrucciones o que estén causados por eventos más allá del control razonable de Microsoft o del fabricante o instalador del dispositivo. La garantía limitada entra en vigor cuando el primer usuario adquiere el software y tiene una duración de un año si se adquiere de Microsoft, o de 90 días si se adquiere de un fabricante o instalador del dispositivo. Si obtiene actualizaciones o complementos directamente de Microsoft durante el período de vigencia de noventa (90) días de la garantía limitada del fabricante o instalador del dispositivo, es Microsoft quien le otorga la garantía limitada por dichas actualizaciones o complementos. Todo complemento, actualización o sustitución del software que reciba por parte de Microsoft durante ese año también estarán cubiertos por lo que reste del período de un año si se adquiere de Microsoft, o de los 90 días si se adquiere de un fabricante o instalador del dispositivo o, de ser mayor, un plazo de 30 días. La transferencia del software no extenderá la garantía limitada.
a. : The term 'a.' is not recognized as the name of a cmdlet, function, script file, or operable program. Check the spe
lling of the name, or if a path was included, verify that the path is correct and try again.
At line:1 char:1
+ a.      Garantía limitada. Según cómo haya obtenido el software de Wi ...
+ ~~
    + CategoryInfo          : ObjectNotFound: (a.:String) [], CommandNotFoundException
    + FullyQualifiedErrorId : CommandNotFoundException

PS C:\Program Files\Microsoft Visual Studio\2022\Community> b.      Exclusión. Ni Microsoft, ni el fabricante ni el instalador del dispositivo otorgan otras garantías ni condiciones explícitas. Microsoft y el fabricante o instalador del dispositivo excluyen todas las garantías y condiciones implícitas, incluidas las de comerciabilidad, idoneidad para propósito específico y ausencia de infracción. Si la ley local no permite la exclusión de las garantías implícitas, toda condición o garantía implícita tendrá la misma duración que el período de vigencia de la garantía limitada, y estará limitada en la medida en que lo permita la ley local. Si la ley local exige un periodo de garantía limitada superior, a pesar de lo establecido en el presente contrato, se aplicará dicho periodo superior, pero usted únicamente podrá obtener los recursos permitidos en virtud del presente contrato.
b. : The term 'b.' is not recognized as the name of a cmdlet, function, script file, or operable program. Check the spe
lling of the name, or if a path was included, verify that the path is correct and try again.
At line:1 char:1
+ b.      Exclusión. Ni Microsoft, ni el fabricante ni el instalador de ...
+ ~~
    + CategoryInfo          : ObjectNotFound: (b.:String) [], CommandNotFoundException
    + FullyQualifiedErrorId : CommandNotFoundException

PS C:\Program Files\Microsoft Visual Studio\2022\Community> c.      Recurso limitado. Si Microsoft, o el fabricante o instalador del dispositivo, infringe su garantía limitada, optará, a su elección, por: (i) reparar o reemplazar el software sin coste alguno o (ii) aceptar la devolución del software (o el dispositivo en el que se preinstaló el software, según lo decida) a cambio del reembolso del importe pagado, de haberlo. El fabricante o instalador del dispositivo (o Microsoft si los adquirió directamente de Microsoft) también puede reparar o sustituir los complementos, actualizaciones y sustituciones del software o reembolsarle la cantidad que haya pagado por ellos, en su caso. Estos son los únicos recursos disponibles en caso de incumplimiento de la garantía. Esta garantía limitada le otorga derechos legales específicos y también podrá tener otros derechos que varían según el estado o país.
i : The term 'i' is not recognized as the name of a cmdlet, function, script file, or operable program. Check the spell
ing of the name, or if a path was included, verify that the path is correct and try again.
At line:1 char:147
+ ... infringe su garantía limitada, optará, a su elección, por: (i) repara ...
+                                                                 ~
    + CategoryInfo          : ObjectNotFound: (i:String) [], CommandNotFoundException
    + FullyQualifiedErrorId : CommandNotFoundException

PS C:\Program Files\Microsoft Visual Studio\2022\Community> d.      Daños. Con excepción de cualquier reparación, sustitución o reembolso que Microsoft o el fabricante o instalador del dispositivo puedan proporcionar, usted no puede, en virtud de esta garantía limitada, de ninguna otra parte de este contrato ni de ningún fundamento, recuperar daños y perjuicios u otro recurso, entre ellos, lucro cesante o daños directos, consecuentes, especiales, indirectos o incidentales. Las exclusiones de la responsabilidad por daños y las limitaciones de recursos establecidas en el presente contrato se aplican incluso si la reparación, la sustitución o el reembolso no compensan totalmente las pérdidas o si Microsoft o el fabricante o instalador del dispositivo conocían o deberían haber conocido la posibilidad que se produjesen dichos daños, o si el recurso no cumple con la finalidad esencial. Algunos estados y países no permiten la exclusión o la limitación de la responsabilidad por daños incidentales, consecuentes o de otro tipo; por ende, es posible que dichas limitaciones o exclusiones no se apliquen en su caso. Si la ley local lo autoriza a recuperar los daños por parte de Microsoft, o del fabricante o instalador del dispositivo, aunque no esté permitido en virtud del presente contrato, usted no podrá recuperar una suma superior a la que pagó por el software (o un máximo de 50 USD si adquirió el software de forma gratuita).
d. : The term 'd.' is not recognized as the name of a cmdlet, function, script file, or operable program. Check the spe
lling of the name, or if a path was included, verify that the path is correct and try again.
At line:1 char:1
+ d.      Daños. Con excepción de cualquier reparación, sustitución o r ...
+ ~~
    + CategoryInfo          : ObjectNotFound: (d.:String) [], CommandNotFoundException
    + FullyQualifiedErrorId : CommandNotFoundException

o : The term 'o' is not recognized as the name of a cmdlet, function, script file, or operable program. Check the spell
ing of the name, or if a path was included, verify that the path is correct and try again.
At line:1 char:1314
+ ...  recuperar una suma superior a la que pagó por el software (o un máxi ...
+                                                                 ~
    + CategoryInfo          : ObjectNotFound: (o:String) [], CommandNotFoundException
    + FullyQualifiedErrorId : CommandNotFoundException

PS C:\Program Files\Microsoft Visual Studio\2022\Community> e.      Garantía y procedimientos de reembolso. Para obtener servicios o un reembolso, deberá proporcionar una copia de la prueba de compra y cumplir con las políticas de devolución de Microsoft si adquirió el software de Microsoft, o las políticas de devolución del fabricante o instalador del dispositivo si adquirió el software de un fabricante o instalador del dispositivo. Si compró un software independiente, es posible que según dichas políticas de devolución usted deba desinstalar el software y devolverlo a Microsoft. Si adquirió el software preinstalado en un dispositivo, es posible que según dichas políticas de devolución usted deba devolver el software con todo el dispositivo en el que se instaló el software; la etiqueta del certificado de autenticidad junto con la clave del producto (si se le entregó con el dispositivo) debe permanecer adherida. Póngase en contacto con el fabricante o instalador del dispositivo en la dirección o número de teléfono gratuito que se indican en el dispositivo para saber cómo obtener el servicio de garantía para el software. Si Microsoft es el fabricante de su dispositivo o si adquirió el software de un distribuidor, póngase en contacto con Microsoft en:
e. : The term 'e.' is not recognized as the name of a cmdlet, function, script file, or operable program. Check the spe
lling of the name, or if a path was included, verify that the path is correct and try again.
At line:1 char:1
+ e.      Garantía y procedimientos de reembolso. Para obtener servicio ...
+ ~~
    + CategoryInfo          : ObjectNotFound: (e.:String) [], CommandNotFoundException
    + FullyQualifiedErrorId : CommandNotFoundException

Set-Item : A positional parameter cannot be found that accepts argument 'entregó'.
At line:1 char:804
+ ... on la clave del producto (si se le entregó con el dispositivo) debe p ...
+                               ~~~~~~~~~~~~~~~~~~~~~~~~~~~~~~~~~~~
    + CategoryInfo          : InvalidArgument: (:) [Set-Item], ParameterBindingException
    + FullyQualifiedErrorId : PositionalParameterNotFound,Microsoft.PowerShell.Commands.SetItemCommand

PS C:\Program Files\Microsoft Visual Studio\2022\Community> (i)      Estados Unidos y Canadá. Por teléfono al (800) MICROSOFT; por correo en Microsoft Customer Service and Support, One Microsoft Way, Redmond, WA 98052-6399; o visite https://aka.ms/nareturns.
At line:1 char:10
+ (i)      Estados Unidos y Canadá. Por teléfono al (800) MICROSOFT; po ...
+          ~~~~~~~
Unexpected token 'Estados' in expression or statement.
    + CategoryInfo          : ParserError: (:) [], ParentContainsErrorRecordException
    + FullyQualifiedErrorId : UnexpectedToken

PS C:\Program Files\Microsoft Visual Studio\2022\Community> (ii)     Europa, Oriente Medio y África.  Por correo postal a Microsoft Ireland Operations Limited, Customer Care Centre, One Microsoft Place, South Country Business Park, Leopardstown, Dublín 18, Irlanda; o visite https://aka.ms/mssupport.
At line:1 char:10
+ (ii)     Europa, Oriente Medio y África.  Por correo postal a Microso ...
+          ~~~~~~
Unexpected token 'Europa' in expression or statement.
At line:1 char:16
+ (ii)     Europa, Oriente Medio y África.  Por correo postal a Microso ...
+                ~
Missing argument in parameter list.
    + CategoryInfo          : ParserError: (:) [], ParentContainsErrorRecordException
    + FullyQualifiedErrorId : UnexpectedToken

PS C:\Program Files\Microsoft Visual Studio\2022\Community> (iii)    Australia. Por teléfono llamando al 13 20 58; por correo postal a Microsoft Pty Ltd, 1 Epping Road, North Ryde NSW 2113 Australia; o visite https://aka.ms/mssupport.
At line:1 char:10
+ (iii)    Australia. Por teléfono llamando al 13 20 58; por correo pos ...
+          ~~~~~~~~~~
Unexpected token 'Australia.' in expression or statement.
    + CategoryInfo          : ParserError: (:) [], ParentContainsErrorRecordException
    + FullyQualifiedErrorId : UnexpectedToken

PS C:\Program Files\Microsoft Visual Studio\2022\Community> (iv)    Otros países. Póngase en contacto con la filial de Microsoft que se encarga de su país en https://aka.ms/mssupport.
At line:1 char:9
+ (iv)    Otros países. Póngase en contacto con la filial de Microsoft  ...
+         ~~~~~
Unexpected token 'Otros' in expression or statement.
    + CategoryInfo          : ParserError: (:) [], ParentContainsErrorRecordException
    + FullyQualifiedErrorId : UnexpectedToken

PS C:\Program Files\Microsoft Visual Studio\2022\Community> 10.    Soporte Técnico.
At line:1 char:8
+ 10.    Soporte Técnico.
+        ~~~~~~~
Unexpected token 'Soporte' in expression or statement.
    + CategoryInfo          : ParserError: (:) [], ParentContainsErrorRecordException
    + FullyQualifiedErrorId : UnexpectedToken

PS C:\Program Files\Microsoft Visual Studio\2022\Community> a.      Para software preinstalado en un dispositivo. Para el software en general, póngase en contacto con el fabricante o el instalador del dispositivo para obtener las opciones de soporte técnico. Consulte el número de soporte técnico proporcionado con el software. Para las actualizaciones y suplementos obtenidos directamente de Microsoft, es posible que Microsoft proporcione servicios de soporte técnico limitado para el software que cuenta con la licencia adecuada, tal como se describe en https://aka.ms/mssupport.
a. : The term 'a.' is not recognized as the name of a cmdlet, function, script file, or operable program. Check the spe
lling of the name, or if a path was included, verify that the path is correct and try again.
At line:1 char:1
+ a.      Para software preinstalado en un dispositivo. Para el softwar ...
+ ~~
    + CategoryInfo          : ObjectNotFound: (a.:String) [], CommandNotFoundException
    + FullyQualifiedErrorId : CommandNotFoundException

PS C:\Program Files\Microsoft Visual Studio\2022\Community> b.      Para el software adquirido de un distribuidor. Microsoft presta servicios de soporte técnico limitado para el software que cuenta con la licencia adecuada, tal como se describe en https://aka.ms/mssupport.
b. : The term 'b.' is not recognized as the name of a cmdlet, function, script file, or operable program. Check the spe
lling of the name, or if a path was included, verify that the path is correct and try again.
At line:1 char:1
+ b.      Para el software adquirido de un distribuidor. Microsoft pres ...
+ ~~
    + CategoryInfo          : ObjectNotFound: (b.:String) [], CommandNotFoundException
    + FullyQualifiedErrorId : CommandNotFoundException

PS C:\Program Files\Microsoft Visual Studio\2022\Community> 11.    Arbitraje vinculante y renuncia a acciones colectivas
 si vive en los Estados Unidos o si su sede principal está en los Estados Unidos.
At line:1 char:8
+ 11.    Arbitraje vinculante y renuncia a acciones colectivas si vive  ...
+        ~~~~~~~~~
Unexpected token 'Arbitraje' in expression or statement.
    + CategoryInfo          : ParserError: (:) [], ParentContainsErrorRecordException
    + FullyQualifiedErrorId : UnexpectedToken

PS C:\Program Files\Microsoft Visual Studio\2022\Community> Esperamos no tener jamás un conflicto, pero si lo tenemos, usted y nosotros acordamos intentar una resolución por vía informal durante 60 días. En caso de que no lo logremos, acordamos llevar a cabo un arbitraje individual vinculante ante la Asociación de Arbitraje Americana (“AAA”) con arreglo a la Ley Federal de Arbitraje (“Federal Arbitration Act, FAA”), y no demandar en un tribunal ante un juez o jurado. En su lugar, un árbitro neutral resolverá el conflicto y su decisión será definitiva, excepto si se recurre al derecho limitado de apelación conforme a la Ley Federal de Arbitraje (FAA). Las demandas colectivas, los arbitrajes colectivos, las acciones impulsadas por la fiscalía y cualquier otro procedimiento en el que alguien actúe en calidad de representante no están permitidos. Tampoco lo está la combinación de procedimientos individuales sin el consentimiento de todas las partes. “Nosotros”, “nuestro” y “nos” incluyen Microsoft, el fabricante del dispositivo y el instalador del software.
FAA : The term 'FAA' is not recognized as the name of a cmdlet, function, script file, or operable program. Check the s
pelling of the name, or if a path was included, verify that the path is correct and try again.
At line:1 char:594
+ ... tado de apelación conforme a la Ley Federal de Arbitraje (FAA). Las d ...
+                                                               ~~~
    + CategoryInfo          : ObjectNotFound: (FAA:String) [], CommandNotFoundException
    + FullyQualifiedErrorId : CommandNotFoundException

PS C:\Program Files\Microsoft Visual Studio\2022\Community> a.      Conflictos cubiertos: todo excepto propiedad intelectual. El término “conflicto” es lo más amplio posible. Incluye toda reclamación o controversia entre usted y el fabricante o instalador del dispositivo, o entre usted y Microsoft, en relación con el software, su precio o el presente contrato, en virtud de cualquier fundamento jurídico que incluya contrato, garantía, responsabilidad extracontractual, estatuto o reglamento, excepto los conflictos relativos al cumplimiento o la validez de los derechos de propiedad intelectual suyos, de sus licenciantes, nuestros o de nuestros licenciantes.
a. : The term 'a.' is not recognized as the name of a cmdlet, function, script file, or operable program. Check the spe
lling of the name, or if a path was included, verify that the path is correct and try again.
At line:1 char:1
+ a.      Conflictos cubiertos: todo excepto propiedad intelectual. El  ...
+ ~~
    + CategoryInfo          : ObjectNotFound: (a.:String) [], CommandNotFoundException
    + FullyQualifiedErrorId : CommandNotFoundException

PS C:\Program Files\Microsoft Visual Studio\2022\Community> b.      Enviar por correo un Aviso de conflicto en primer lugar. En caso de que tenga un conflicto y nuestros representantes de atención al cliente no puedan resolverlo, envíe un Aviso de conflicto por correo postal de EE. UU. al fabricante o instalador del dispositivo, a la atención de: LEGAL DEPARTMENT. Si su conflicto es con Microsoft, envíela por correo a Microsoft Corporation, a la atención de: CELA ARBITRATION, One Microsoft Way, Redmond, WA 98052-6399. Indíquenos su nombre, dirección, cómo ponerse en contacto con usted, cuál es el problema y qué desea. Hay un formulario disponible en https://go.microsoft.com/fwlink/?LinkId=245499. Haremos lo mismo si tenemos un conflicto con usted. Después de 60 días, usted o nosotros podremos iniciar un arbitraje si el conflicto
 no se resuelve.
b. : The term 'b.' is not recognized as the name of a cmdlet, function, script file, or operable program. Check the spe
lling of the name, or if a path was included, verify that the path is correct and try again.
At line:1 char:1
+ b.      Enviar por correo un Aviso de conflicto en primer lugar. En c ...
+ ~~
    + CategoryInfo          : ObjectNotFound: (b.:String) [], CommandNotFoundException
    + FullyQualifiedErrorId : CommandNotFoundException

PS C:\Program Files\Microsoft Visual Studio\2022\Community> c.      Opción de tribunal de reclamaciones menores. En lugar de enviar un Aviso de conflicto, y si cumple con los requisitos del tribunal, puede demandarnos ante un tribunal de reclamaciones menores en su condado de residencia (o, si es una empresa, el de su sede principal) o nuestra sede principal
 —King County, Washington USA si su conflicto es con Microsoft.
At line:1 char:231
+ ... unal de reclamaciones menores en su condado de residencia (o, si es u ...
+                                                                 ~
Missing argument in parameter list.
    + CategoryInfo          : ParserError: (:) [], ParentContainsErrorRecordException
    + FullyQualifiedErrorId : MissingArgument

PS C:\Program Files\Microsoft Visual Studio\2022\Community> d.      Procedimiento de arbitraje. La AAA llevará a cabo cualquier arbitraje en virtud de sus Normas de arbitraje comercial (o si usted es una persona física y utiliza el Software para uso personal o doméstico, o si el valor de la conflicto es de 75 000 USD o menos con independencia de si es una persona física o cómo usa el software, sus Normas de arbitraje de consumidores). Para obtener más información, consulte https://aka.ms/adr o llame al 1-800-778-7879. Para iniciar un arbitraje, envíe el formulario disponible en https://aka.ms/arbitration a la AAA y envíe por correo una copia al fabricante o instalador del dispositivo (o a Microsoft si el conflicto es con Microsoft). En un conflicto que implique 25 000 USD o menos, cualquier audiencia será telefónica a menos que el árbitro encuentre una buena causa para celebrar una audiencia presencial. Cualquier audiencia presencial tendrá lugar en su condado de residencia (o, si es una empresa, el de su sede principal) o en nuestra sede principal en King County, Washington, si el conflicto se plantea contra Microsoft. Usted elige. El árbitro puede concederle a usted individualmente los mismos daños que un tribunal. El árbitro puede conceder medidas cautelares o declaración únicamente a usted individualmente para satisfacer su reclamación individual. En virtud de las normas de la AAA, el árbitro es quien dirime el conflicto en su propia jurisdicción, incluida la posibilidad de someter a arbitraje cualquier reclamación. No obstante, un tribunal tiene la facultad exclusiva de hacer cumplir la prohibición de arbitraje para todo un grupo o en carácter representativo.
At line:1 char:932
+ ... encia presencial tendrá lugar en su condado de residencia (o, si es u ...
+                                                                 ~
Missing argument in parameter list.
    + CategoryInfo          : ParserError: (:) [], ParentContainsErrorRecordException
    + FullyQualifiedErrorId : MissingArgument

PS C:\Program Files\Microsoft Visual Studio\2022\Community> e.      Tasas de arbitraje y pagos.
e. : The term 'e.' is not recognized as the name of a cmdlet, function, script file, or operable program. Check the spe
lling of the name, or if a path was included, verify that the path is correct and try again.
At line:1 char:1
+ e.      Tasas de arbitraje y pagos.
+ ~~
    + CategoryInfo          : ObjectNotFound: (e.:String) [], CommandNotFoundException
    + FullyQualifiedErrorId : CommandNotFoundException

PS C:\Program Files\Microsoft Visual Studio\2022\Community> (i)      Conflictos que impliquen 75.000 USD o menos. El fabricante o instalador del dispositivo (o Microsoft si tiene un conflicto con Microsoft) le reembolsarán inmediatamente los costes judiciales y pagarán los honorarios y gastos de la AAA y del árbitro. Si usted rechaza nuestra última oferta de resolución realizada por escrito antes de la designación del árbitro, su conflicto se somete a la decisión de un árbitro (denominada “laudo”), y el árbitro le concede más de lo indicado en esta última oferta por escrito, nosotros: el fabricante o instalador del dispositivo (o Microsoft si su conflicto es con Microsoft): (1) pagará el importe del laudo o 1000 USD, lo que sea mayor; (2) pagará los honorarios razonables de abogados, si los hubiera; y (3) reembolsará cualesquiera gastos (incluidos los honorarios y costes de peritos) que su abogado devengue de forma razonable para investigar, preparar y proseguir con su reclamación en un arbitraje.
At line:1 char:10
+ (i)      Conflictos que impliquen 75.000 USD o menos. El fabricante o ...
+          ~~~~~~~~~~
Unexpected token 'Conflictos' in expression or statement.
At line:1 char:690
+ ... el importe del laudo o 1000 USD, lo que sea mayor; (2) pagará los hon ...
+                                                            ~~~~~~
Unexpected token 'pagará' in expression or statement.
    + CategoryInfo          : ParserError: (:) [], ParentContainsErrorRecordException
    + FullyQualifiedErrorId : UnexpectedToken

PS C:\Program Files\Microsoft Visual Studio\2022\Community> (ii)     Conflictos por un monto superior a 75 000 USD. Las normas de la AAA regularán el pago de los honorarios de presentación y los honorarios y gastos de la AAA y del árbitro.
At line:1 char:10
+ (ii)     Conflictos por un monto superior a 75 000 USD. Las normas de ...
+          ~~~~~~~~~~
Unexpected token 'Conflictos' in expression or statement.
    + CategoryInfo          : ParserError: (:) [], ParentContainsErrorRecordException
    + FullyQualifiedErrorId : UnexpectedToken

PS C:\Program Files\Microsoft Visual Studio\2022\Community> f.       Debe presentarse como máximo dentro de un año. Usted y nosotros debemos presentar cualquier reclamación o disputa en un tribunal de reclamaciones menores o arbitraje (excepto los relacionados con la propiedad intelectual; véase la cláusula 11.a.) en el plazo de un año desde el momento en que se pudiera presentar por primera vez. De lo contrario, quedará prohibido de forma permanente.
At line:1 char:230
+ ... itraje (excepto los relacionados con la propiedad intelectual; véase  ...
+                                                                  ~
Missing closing ')' in expression.
At line:1 char:255
+ ... onados con la propiedad intelectual; véase la cláusula 11.a.) en el p ...
+                                                                 ~
Unexpected token ')' in expression or statement.
    + CategoryInfo          : ParserError: (:) [], ParentContainsErrorRecordException
    + FullyQualifiedErrorId : MissingEndParenthesisInExpression

PS C:\Program Files\Microsoft Visual Studio\2022\Community> g.      Divisibilidad. Si cualquier disposición de la Sección 11 (Arbitraje Vinculante y Renuncia a la Acción de Grupo) fuera declarada ilegal o inaplicable, las disposiciones restantes seguirán vigentes (cuando se hubiera emitido un laudo arbitral antes del comienzo de un proceso judicial), salvo que la determinación de la ilegalidad o inaplicable parcial permitiera un arbitraje representativo o para todo un grupo, en cuyo caso la Sección 11 será inaplicable en su totalidad.
Arbitraje : The term 'Arbitraje' is not recognized as the name of a cmdlet, function, script file, or operable program.
 Check the spelling of the name, or if a path was included, verify that the path is correct and try again.
At line:1 char:67
+ ... bilidad. Si cualquier disposición de la Sección 11 (Arbitraje Vincula ...
+                                                         ~~~~~~~~~
    + CategoryInfo          : ObjectNotFound: (Arbitraje:String) [], CommandNotFoundException
    + FullyQualifiedErrorId : CommandNotFoundException

PS C:\Program Files\Microsoft Visual Studio\2022\Community> h.      Conflicto con las normas de la AAA. Este contrato rige si entra en conflicto con las Normas de arbitraje comercial o las Normas de arbitraje de consumidores de la AAA.
h. : The term 'h.' is not recognized as the name of a cmdlet, function, script file, or operable program. Check the spe
lling of the name, or if a path was included, verify that the path is correct and try again.
At line:1 char:1
+ h.      Conflicto con las normas de la AAA. Este contrato rige si ent ...
+ ~~
    + CategoryInfo          : ObjectNotFound: (h.:String) [], CommandNotFoundException
    + FullyQualifiedErrorId : CommandNotFoundException

PS C:\Program Files\Microsoft Visual Studio\2022\Community> i.       Microsoft como parte o tercero beneficiario. Si Microsoft es el fabricante del dispositivo o si adquirió el software de un distribuidor, Microsoft constituye una parte en este contrato. De lo contrario, Microsoft no es una parte sino un tercero beneficiario del contrato que usted celebró con el fabricante o instalador del dispositivo para resolver conflictos mediante una negociación informal y arbitraje.
i. : The term 'i.' is not recognized as the name of a cmdlet, function, script file, or operable program. Check the spe
lling of the name, or if a path was included, verify that the path is correct and try again.
At line:1 char:1
+ i.       Microsoft como parte o tercero beneficiario. Si Microsoft es ...
+ ~~
    + CategoryInfo          : ObjectNotFound: (i.:String) [], CommandNotFoundException
    + FullyQualifiedErrorId : CommandNotFoundException

PS C:\Program Files\Microsoft Visual Studio\2022\Community> 12.    Legislación Aplicable. Las leyes del estado o provincia donde vive (o, si es una empresa, donde está ubicado el lugar principal de su negocio) rigen todos las reclamaciones y disputas con respecto al software, su precio o este contrato, incluso reclamaciones por incumplimiento del contrato y reclamaciones en virtud de las leyes de protección del consumidor, las leyes de competencia desleal, leyes de garantía implícitas, para enriquecimiento sin causa y en responsabilidad extracontractual, independientemente del conflicto de los
 principios de la ley. En los Estados Unidos, la FAA rige todas las disposiciones relativas al arbitraje.
At line:1 char:8
+ 12.    Legislación Aplicable. Las leyes del estado o provincia donde  ...
+        ~~~~~~~~~~~
Unexpected token 'Legislación' in expression or statement.
At line:1 char:77
+ ... ón Aplicable. Las leyes del estado o provincia donde vive (o, si es u ...
+                                                                 ~
Missing argument in parameter list.
    + CategoryInfo          : ParserError: (:) [], ParentContainsErrorRecordException
    + FullyQualifiedErrorId : UnexpectedToken

PS C:\Program Files\Microsoft Visual Studio\2022\Community> 13.    Derechos del consumidor; variaciones regionales. En el presente contrato se describen determinados derechos legales. Puede que usted tenga otros derechos, lo que incluye sus derechos de consumidor, en virtud de la legislación de su estado o país. Asimismo, pueden asistirle determinados derechos con respecto a la parte a la que adquirió el software. Este contrato no modifica esos otros derechos si la legislación de su estado o país no permite tal cosa. Por ejemplo, si usted adquirió el software en una de las siguientes regiones, o si es aplicable la legislación obligatoria del país en cuestión, entonces las siguientes disposiciones son aplicables
 para usted:
At line:1 char:8
+ 13.    Derechos del consumidor; variaciones regionales. En el present ...
+        ~~~~~~~~
Unexpected token 'Derechos' in expression or statement.
    + CategoryInfo          : ParserError: (:) [], ParentContainsErrorRecordException
    + FullyQualifiedErrorId : UnexpectedToken

PS C:\Program Files\Microsoft Visual Studio\2022\Community> a.      Australia. Las referencias a "Garantía limitada" son referencias a la garantía expresa proporcionada por Microsoft o el fabricante o instalador del dispositivo. Esta garantía se otorga de manera adicional a otros derechos y recursos que pueda tener según la legislación, incluidos sus derechos y recursos de acuerdo con las garantías legales conforme a la Ley de Protección al Consumidor de Australia. Ninguna disposición de este contrato limitará o modificará dichos derechos y recursos. En particular:
a. : The term 'a.' is not recognized as the name of a cmdlet, function, script file, or operable program. Check the spe
lling of the name, or if a path was included, verify that the path is correct and try again.
At line:1 char:1
+ a.      Australia. Las referencias a "Garantía limitada" son referenc ...
+ ~~
    + CategoryInfo          : ObjectNotFound: (a.:String) [], CommandNotFoundException
    + FullyQualifiedErrorId : CommandNotFoundException

PS C:\Program Files\Microsoft Visual Studio\2022\Community> (i)      las disposiciones que excluyen y limitan garantías, daños y recursos y que limitan la duración de sus derechos en virtud de las leyes locales en la Sección 9 bajo el título Garantía, Exclusión, Recursos, Daños y Procedimientos no se aplican a las garantías del consumidor en virtud de la Ley
 de Protección del Consumidor de Australia y los derechos y recursos que usted tiene en virtud de ellas;
At line:1 char:10
+ (i)      las disposiciones que excluyen y limitan garantías, daños y  ...
+          ~~~
Unexpected token 'las' in expression or statement.
    + CategoryInfo          : ParserError: (:) [], ParentContainsErrorRecordException
    + FullyQualifiedErrorId : UnexpectedToken

PS C:\Program Files\Microsoft Visual Studio\2022\Community> (ii)     as políticas de soporte técnico y reembolso mencionadas en las Secciones 9.e y 10 están sujetas a la Ley de Protección del Consumidor de Australia;
At line:1 char:10
+ (ii)     as políticas de soporte técnico y reembolso mencionadas en l ...
+          ~~
Unexpected token 'as' in expression or statement.
    + CategoryInfo          : ParserError: (:) [], ParentContainsErrorRecordException
    + FullyQualifiedErrorId : UnexpectedToken

PS C:\Program Files\Microsoft Visual Studio\2022\Community> (iii)    las garantías del consumidor en virtud de la Ley de Protección del Consumidor de Australia se aplican al software de evaluación descrito en la Sección 14.d (ii) y el software en versión preliminar descrito en la Sección 14.d (iv); y
At line:1 char:10
+ (iii)    las garantías del consumidor en virtud de la Ley de Protecci ...
+          ~~~
Unexpected token 'las' in expression or statement.
    + CategoryInfo          : ParserError: (:) [], ParentContainsErrorRecordException
    + FullyQualifiedErrorId : UnexpectedToken

PS C:\Program Files\Microsoft Visual Studio\2022\Community> (iv)    nuestros productos se entregan con garantías que no se pueden excluir de conformidad con la Ley de Protección del Consumidor de Australia. En este subapartado, “productos” hace referencia al software para el que Microsoft, el fabricante o instalador del dispositivo proporcionan la garantía expresa. Tiene derecho a la sustitución o reembolso por error importante y compensación por cualquier otra pérdida o daño razonablemente previsible. También tiene derecho a la reparación de los bienes o a su sustitución si los bienes no son de calidad aceptable y el error no asciende a un error importante.
At line:1 char:9
+ (iv)    nuestros productos se entregan con garantías que no se pueden ...
+         ~~~~~~~~
Unexpected token 'nuestros' in expression or statement.
    + CategoryInfo          : ParserError: (:) [], ParentContainsErrorRecordException
    + FullyQualifiedErrorId : UnexpectedToken

PS C:\Program Files\Microsoft Visual Studio\2022\Community> Para obtener más información sobre sus derechos en virtud de
 la Ley de Protección del Consumidor de Australia, consulte la información disponible en https://aka.ms/acl.
Para : The term 'Para' is not recognized as the name of a cmdlet, function, script file, or operable program. Check the
 spelling of the name, or if a path was included, verify that the path is correct and try again.
At line:1 char:1
+ Para obtener más información sobre sus derechos en virtud de la Ley d ...
+ ~~~~
    + CategoryInfo          : ObjectNotFound: (Para:String) [], CommandNotFoundException
    + FullyQualifiedErrorId : CommandNotFoundException

PS C:\Program Files\Microsoft Visual Studio\2022\Community> b.      Canadá. Puede dejar de recibir actualizaciones en su dispositivo desactivando su acceso a Internet. Si se vuelve a conectar a Internet, el software reanudará la comprobación y la instalación de actualizaciones.
b. : The term 'b.' is not recognized as the name of a cmdlet, function, script file, or operable program. Check the spe
lling of the name, or if a path was included, verify that the path is correct and try again.
At line:1 char:1
+ b.      Canadá. Puede dejar de recibir actualizaciones en su disposit ...
+ ~~
    + CategoryInfo          : ObjectNotFound: (b.:String) [], CommandNotFoundException
    + FullyQualifiedErrorId : CommandNotFoundException

PS C:\Program Files\Microsoft Visual Studio\2022\Community> c.      Unión Europea. La restricción de uso académico en la Sección 14.d(i) a continuación no se aplica en las jurisdicciones enumeradas en https://go.microsoft.com/fwlink/?LinkId=534978.
i : The term 'i' is not recognized as the name of a cmdlet, function, script file, or operable program. Check the spell
ing of the name, or if a path was included, verify that the path is correct and try again.
At line:1 char:75
+ ... Europea. La restricción de uso académico en la Sección 14.d(i) a cont ...
+                                                                 ~
    + CategoryInfo          : ObjectNotFound: (i:String) [], CommandNotFoundException
    + FullyQualifiedErrorId : CommandNotFoundException

PS C:\Program Files\Microsoft Visual Studio\2022\Community> d.      Alemania y Austria.
d. : The term 'd.' is not recognized as the name of a cmdlet, function, script file, or operable program. Check the spe
lling of the name, or if a path was included, verify that the path is correct and try again.
At line:1 char:1
+ d.      Alemania y Austria.
+ ~~
    + CategoryInfo          : ObjectNotFound: (d.:String) [], CommandNotFoundException
    + FullyQualifiedErrorId : CommandNotFoundException

PS C:\Program Files\Microsoft Visual Studio\2022\Community> (i)      Garantía. El software con licencia de uso adecuada se ejecutará sustancialmente tal como se describe en cualquiera de los materiales de Microsoft que acompañe al software. Sin embargo, el fabricante o instalador del dispositivo y Microsoft no otorgan ninguna garantía contractual en relación
 con el software del que tiene licencia de uso.
At line:1 char:10
+ (i)      Garantía. El software con licencia de uso adecuada se ejecut ...
+          ~~~~~~~~~
Unexpected token 'Garantía.' in expression or statement.
    + CategoryInfo          : ParserError: (:) [], ParentContainsErrorRecordException
    + FullyQualifiedErrorId : UnexpectedToken

PS C:\Program Files\Microsoft Visual Studio\2022\Community> (ii)     Limitación de responsabilidad. En caso de conducta intencional, negligencia grave o reclamaciones según la Ley de Responsabilidad sobre Productos, así como en caso de muerte o lesiones personales o físicas, el fabricante o instalador del dispositivo, o Microsoft son responsables según el derecho estatutario.
At line:1 char:10
+ (ii)     Limitación de responsabilidad. En caso de conducta intencion ...
+          ~~~~~~~~~~
Unexpected token 'Limitación' in expression or statement.
    + CategoryInfo          : ParserError: (:) [], ParentContainsErrorRecordException
    + FullyQualifiedErrorId : UnexpectedToken

PS C:\Program Files\Microsoft Visual Studio\2022\Community> Sujeto a la oración precedente, el fabricante o instalador del dispositivo, o Microsoft únicamente serán responsables de negligencia leve si estos han incumplido aquellas obligaciones contractuales materiales, cuyo cumplimiento facilite la ejecución correcta de este contrato, cuyo incumplimiento constituya una amenaza contra el objeto de este contrato y el cumplimiento en el que una parte confía de manera permanente (denominadas “obligaciones fundamentales”). En otros casos de negligencia leve, el fabricante o instalador del dispositivo, o Microsoft no serán responsables de negligencia leve.
denominadas : The term 'denominadas' is not recognized as the name of a cmdlet, function, script file, or operable prog
ram. Check the spelling of the name, or if a path was included, verify that the path is correct and try again.
At line:1 char:422
+ ...  en el que una parte confía de manera permanente (denominadas “obliga ...
+                                                       ~~~~~~~~~~~
    + CategoryInfo          : ObjectNotFound: (denominadas:String) [], CommandNotFoundException
    + FullyQualifiedErrorId : CommandNotFoundException

PS C:\Program Files\Microsoft Visual Studio\2022\Community> e.      Otras regiones. Visite https://go.microsoft.com/fwlink/? LinkId=534978 para una lista actual de variaciones regionales.
e. : The term 'e.' is not recognized as the name of a cmdlet, function, script file, or operable program. Check the spe
lling of the name, or if a path was included, verify that the path is correct and try again.
At line:1 char:1
+ e.      Otras regiones. Visite https://go.microsoft.com/fwlink/? Link ...
+ ~~
    + CategoryInfo          : ObjectNotFound: (e.:String) [], CommandNotFoundException
    + FullyQualifiedErrorId : CommandNotFoundException

PS C:\Program Files\Microsoft Visual Studio\2022\Community> 14.    Avisos adicionales.
At line:1 char:8
+ 14.    Avisos adicionales.
+        ~~~~~~
Unexpected token 'Avisos' in expression or statement.
    + CategoryInfo          : ParserError: (:) [], ParentContainsErrorRecordException
    + FullyQualifiedErrorId : UnexpectedToken

PS C:\Program Files\Microsoft Visual Studio\2022\Community> a.      Redes, datos y uso de Internet. Algunas funciones del software y los servicios a los que se accede a través del software pueden requerir que su dispositivo acceda a Internet. Su acceso y uso (incluidos los cargos) puede estar sujeto a los términos de su contrato con su proveedor de Internet o telefonía móvil. Algunas funciones del software pueden ayudarle a acceder a Internet de forma más eficiente, pero los cálculos de uso del software pueden ser diferentes de las mediciones de su proveedor de servicios. Usted siempre es responsable de (i) comprender y cumplir los términos de sus propios planes y acuerdos, y (ii) cualquier problema que surja del uso o acceso a redes, incluidas las redes públicas/abiertas. Puede utilizar el software para conectarse a redes y compartir información sobre dichas redes, solo si tiene permiso para hacerlo.
incluidos : The term 'incluidos' is not recognized as the name of a cmdlet, function, script file, or operable program.
 Check the spelling of the name, or if a path was included, verify that the path is correct and try again.
At line:1 char:201
+ ...  su dispositivo acceda a Internet. Su acceso y uso (incluidos los car ...
+                                                         ~~~~~~~~~
    + CategoryInfo          : ObjectNotFound: (incluidos:String) [], CommandNotFoundException
    + FullyQualifiedErrorId : CommandNotFoundException

PS C:\Program Files\Microsoft Visual Studio\2022\Community> b.      Sobre el estándar visual H.264/AVC y MPEG-4 y el estándar de vídeo VC-1. El software puede incluir tecnología de descodificación H.264/MPEG-4 AVC y/o VC-1. MPEG LA, L.L.C. exige la inclusión del siguiente aviso:
b. : The term 'b.' is not recognized as the name of a cmdlet, function, script file, or operable program. Check the spe
lling of the name, or if a path was included, verify that the path is correct and try again.
At line:1 char:1
+ b.      Sobre el estándar visual H.264/AVC y MPEG-4 y el estándar de  ...
+ ~~
    + CategoryInfo          : ObjectNotFound: (b.:String) [], CommandNotFoundException
    + FullyQualifiedErrorId : CommandNotFoundException

PS C:\Program Files\Microsoft Visual Studio\2022\Community> LA LICENCIA DE ESTE PRODUCTO SE CONCEDE EN VIRTUD DE LAS LICENCIAS DE LA CARTERA DE PATENTES DE VÍDEO AVC, VC-1 Y MPEG-4 PARTE 2 PARA USO PERSONAL Y NO COMERCIAL POR PARTE DE UN CONSUMIDOR PARA (i) CODIFICAR VÍDEO EN CUMPLIMIENTO CON LAS NORMAS ANTERIORMENTE CITADAS (“ESTÁNDARES DE VÍDEO”) Y/O (ii) DECODIFICAR VÍDEO AVC, VC-1 Y MPEG-4 PARTE 2 QUE HAYA SIDO CODIFICADO POR UN CONSUMIDOR EJERCIENDO UNA ACTIVIDAD PERSONAL NO COMERCIAL Y/U OBTENIDO DE UN PROVEEDOR DE VÍDEO CON LICENCIA PARA PROPORCIONAR DICHO VÍDEO. NO SE OTORGA NINGUNA OTRA LICENCIA PARA CUALQUIER OTRO USO, NI SE DEBE PRESUPONER SU OTORGAMIENTO. PUEDE OBTENER INFORMACIÓN ADICIONAL EN MPEG LA, L.L.C; VAYA A HTTPS://AKA.MS/MPEGLA.
i : The term 'i' is not recognized as the name of a cmdlet, function, script file, or operable program. Check the spell
ing of the name, or if a path was included, verify that the path is correct and try again.
At line:1 char:196
+ ... SO PERSONAL Y NO COMERCIAL POR PARTE DE UN CONSUMIDOR PARA (i) CODIFI ...
+                                                                 ~
    + CategoryInfo          : ObjectNotFound: (i:String) [], CommandNotFoundException
    + FullyQualifiedErrorId : CommandNotFoundException

VAYA : The term 'VAYA' is not recognized as the name of a cmdlet, function, script file, or operable program. Check the
 spelling of the name, or if a path was included, verify that the path is correct and try again.
At line:1 char:672
+ ... . PUEDE OBTENER INFORMACIÓN ADICIONAL EN MPEG LA, L.L.C; VAYA A HTTPS ...
+                                                              ~~~~
    + CategoryInfo          : ObjectNotFound: (VAYA:String) [], CommandNotFoundException
    + FullyQualifiedErrorId : CommandNotFoundException

PS C:\Program Files\Microsoft Visual Studio\2022\Community> c.      Protección contra malware. Microsoft se preocupa por proteger su dispositivo contra malware. El software activará la protección contra malware si el dispositivo no tiene instalada otra protección o si ha vencido. Para ello, se desactivará otro software antimalware o es posible que deba quitarse.
c. : The term 'c.' is not recognized as the name of a cmdlet, function, script file, or operable program. Check the spe
lling of the name, or if a path was included, verify that the path is correct and try again.
At line:1 char:1
+ c.      Protección contra malware. Microsoft se preocupa por proteger ...
+ ~~
    + CategoryInfo          : ObjectNotFound: (c.:String) [], CommandNotFoundException
    + FullyQualifiedErrorId : CommandNotFoundException

PS C:\Program Files\Microsoft Visual Studio\2022\Community> d.      Versiones con derechos limitados. Si la versión de software que adquirió está identificada o de otro modo destinada a un uso específico o limitado, solo puede utilizarla según lo especificado. Tales versiones de software no pueden utilizarse para actividades comerciales, que no generan ingresos o lucrativas.
d. : The term 'd.' is not recognized as the name of a cmdlet, function, script file, or operable program. Check the spe
lling of the name, or if a path was included, verify that the path is correct and try again.
At line:1 char:1
+ d.      Versiones con derechos limitados. Si la versión de software q ...
+ ~~
    + CategoryInfo          : ObjectNotFound: (d.:String) [], CommandNotFoundException
    + FullyQualifiedErrorId : CommandNotFoundException

PS C:\Program Files\Microsoft Visual Studio\2022\Community> (i)      Académico. Para uso académico, debe ser estudiante,
 profesorado o personal de una institución de enseñanza en el momento de la compra.
At line:1 char:10
+ (i)      Académico. Para uso académico, debe ser estudiante, profesor ...
+          ~~~~~~~~~~
Unexpected token 'Académico.' in expression or statement.
    + CategoryInfo          : ParserError: (:) [], ParentContainsErrorRecordException
    + FullyQualifiedErrorId : UnexpectedToken

PS C:\Program Files\Microsoft Visual Studio\2022\Community> (ii)     Evaluación. En el caso del uso con fines de evaluación (o prueba o demostración), no puede vender el software, utilizarlo en un entorno operativo activo, ni utilizarlo después del periodo de evaluación. Sin perjuicio de cualquier disposición en contrario contenida en el presente Contrato, el software de evaluación se proporciona “TAL CUAL”, y ninguna garantía, ni implícita ni expresa (incluyendo la Garantía Limitada), se aplica a estas versiones.
At line:1 char:10
+ (ii)     Evaluación. En el caso del uso con fines de evaluación (o pr ...
+          ~~~~~~~~~~~
Unexpected token 'Evaluación.' in expression or statement.
    + CategoryInfo          : ParserError: (:) [], ParentContainsErrorRecordException
    + FullyQualifiedErrorId : UnexpectedToken

PS C:\Program Files\Microsoft Visual Studio\2022\Community> (iii)    Prohibición de reventa. No podrá vender el software
 identificado como “NFR” o “Not for Resale” [Prohibida su reventa].
At line:1 char:10
+ (iii)    Prohibición de reventa. No podrá vender el software identifi ...
+          ~~~~~~~~~~~
Unexpected token 'Prohibición' in expression or statement.
    + CategoryInfo          : ParserError: (:) [], ParentContainsErrorRecordException
    + FullyQualifiedErrorId : UnexpectedToken

PS C:\Program Files\Microsoft Visual Studio\2022\Community> (iv)    Vista previa. Puede elegir usar versiones preliminares, de información privilegiada, beta u otras versiones de lanzamiento previo del software («preliminares») que Microsoft puede poner disponible. Puede utilizar las vistas previas solo hasta la fecha de vencimiento del software y en tanto y en cuanto cumpla con todos los términos de este contrato. Las versiones preliminares son experimentales y pueden ser considerablemente diferentes de la versión lanzada comercialmente. Independientemente de lo contrario en este contrato, las versiones preliminares se proporcionan “EN SU ESTADO ACTUAL” y ninguna garantía, implícita o expresa (incluso la Garantía Limitada), se aplica a estas versiones. Al instalar las versiones preliminares en su dispositivo, es posible que anule o afecte a la garantía de su dispositivo y que no tenga derecho a recibir soporte del fabricante del dispositivo u operador de red, si correspondiera. Microsoft no se hace responsable de ningún daño causado por el presente por usted. Microsoft puede no proporcionar servicios de soporte técnico para las versiones preliminares. Si proporciona comentarios, sugerencias u otras opiniones a Microsoft sobre la versión preliminar (“envío”), usted le otorga derechos a Microsoft y a
 sus socios para usar el envío de cualquier forma y para cualquier fin.
At line:1 char:9
+ (iv)    Vista previa. Puede elegir usar versiones preliminares, de in ...
+         ~~~~~
Unexpected token 'Vista' in expression or statement.
    + CategoryInfo          : ParserError: (:) [], ParentContainsErrorRecordException
    + FullyQualifiedErrorId : UnexpectedToken

PS C:\Program Files\Microsoft Visual Studio\2022\Community> 15.    Contrato completo. Este contrato (junto con los términos de licencia impresos u otro términos que acompañan cualquier complemento, actualización y servicio del software proporcionado por el fabricante o instalador del dispositivo, o Microsoft, y que usted utilice), además de los términos incluidos en los vínculos web indicados en este contrato, constituyen el contrato completo del software y tales complementos, actualizaciones y servicios (a menos que el fabricante o instalador del dispositivo, o Microsoft, proporcionen otros términos con esos complementos, actualizaciones o servicios). Puede revisar este contrato una vez que el software esté en marcha visitando https://aka.ms/useterms o yendo a Ajustes - Sistema - Acerca del software. También puede revisar los términos en cualquiera de los vínculos incluidos en este contrato ingresando las direcciones URL en la barra de direcciones del explorador, y acepta hacerlo. Usted acepta que leerá los términos antes de utilizar el software o los servicios, incluido cualquier término vinculado. Usted comprende que, al utilizar el software y los servicios, ratifica este contrato y los términos vinculados. Hay también enlaces informativos en este contrato. Los enlaces que contienen avisos y términos vinculantes son los siguientes:
At line:1 char:8
+ 15.    Contrato completo. Este contrato (junto con los términos de li ...
+        ~~~~~~~~
Unexpected token 'Contrato' in expression or statement.
    + CategoryInfo          : ParserError: (:) [], ParentContainsErrorRecordException
    + FullyQualifiedErrorId : UnexpectedToken

PS C:\Program Files\Microsoft Visual Studio\2022\Community> ·        Declaración de privacidad de Microsoft https://aka.ms/privacy
· : The term '·' is not recognized as the name of a cmdlet, function, script file, or operable program. Check the spell
ing of the name, or if a path was included, verify that the path is correct and try again.
At line:1 char:1
+ ·        Declaración de privacidad de Microsoft https://aka.ms/privac ...
+ ~
    + CategoryInfo          : ObjectNotFound: (·:String) [], CommandNotFoundException
    + FullyQualifiedErrorId : CommandNotFoundException

PS C:\Program Files\Microsoft Visual Studio\2022\Community> ·        Contrato de servicios de Microsoft https://aka.ms/msa
· : The term '·' is not recognized as the name of a cmdlet, function, script file, or operable program. Check the spell
ing of the name, or if a path was included, verify that the path is correct and try again.
At line:1 char:1
+ ·        Contrato de servicios de Microsoft https://aka.ms/msa
+ ~
    + CategoryInfo          : ObjectNotFound: (·:String) [], CommandNotFoundException
    + FullyQualifiedErrorId : CommandNotFoundException

PS C:\Program Files\Microsoft Visual Studio\2022\Community>
PS C:\Program Files\Microsoft Visual Studio\2022\Community> https://support.microsoft.com/es-es/feed/atom/32d322a8-acae-202d-e9a9-7371dccf381b
https://support.microsoft.com/es-es/feed/atom/32d322a8-acae-202d-e9a9-7371dccf381b : The term 'https://support.microsof
t.com/es-es/feed/atom/32d322a8-acae-202d-e9a9-7371dccf381b' is not recognized as the name of a cmdlet, function, script
 file, or operable program. Check the spelling of the name, or if a path was included, verify that the path is correct
and try again.
At line:1 char:1
+ https://support.microsoft.com/es-es/feed/atom/32d322a8-acae-202d-e9a9 ...
+ ~~~~~~~~~~~~~~~~~~~~~~~~~~~~~~~~~~~~~~~~~~~~~~~~~~~~~~~~~~~~~~~~~~~~~
    + CategoryInfo          : ObjectNotFound: (https://support...a9-7371dccf381b:String) [], CommandNotFoundException
    + FullyQualifiedErrorId : CommandNotFoundException

PS C:\Program Files\Microsoft Visual Studio\2022\Community> https://shell.azure.com
https://shell.azure.com : The term 'https://shell.azure.com' is not recognized as the name of a cmdlet, function, scrip
t file, or operable program. Check the spelling of the name, or if a path was included, verify that the path is correct
 and try again.
At line:1 char:1
+ https://shell.azure.com
+ ~~~~~~~~~~~~~~~~~~~~~~~
    + CategoryInfo          : ObjectNotFound: (https://shell.azure.com:String) [], CommandNotFoundException
    + FullyQualifiedErrorId : CommandNotFoundException

PS C:\Program Files\Microsoft Visual Studio\2022\Community> Products
Products : The term 'Products' is not recognized as the name of a cmdlet, function, script file, or operable program. C
heck the spelling of the name, or if a path was included, verify that the path is correct and try again.
At line:1 char:1
+ Products
+ ~~~~~~~~
    + CategoryInfo          : ObjectNotFound: (Products:String) [], CommandNotFoundException
    + FullyQualifiedErrorId : CommandNotFoundException

PS C:\Program Files\Microsoft Visual Studio\2022\Community>
PS C:\Program Files\Microsoft Visual Studio\2022\Community> Templates
Templates : The term 'Templates' is not recognized as the name of a cmdlet, function, script file, or operable program.
 Check the spelling of the name, or if a path was included, verify that the path is correct and try again.
At line:1 char:1
+ Templates
+ ~~~~~~~~~
    + CategoryInfo          : ObjectNotFound: (Templates:String) [], CommandNotFoundException
    + FullyQualifiedErrorId : CommandNotFoundException

PS C:\Program Files\Microsoft Visual Studio\2022\Community>
PS C:\Program Files\Microsoft Visual Studio\2022\Community> Integrations
Integrations : The term 'Integrations' is not recognized as the name of a cmdlet, function, script file, or operable pr
ogram. Check the spelling of the name, or if a path was included, verify that the path is correct and try again.
At line:1 char:1
+ Integrations
+ ~~~~~~~~~~~~
    + CategoryInfo          : ObjectNotFound: (Integrations:String) [], CommandNotFoundException
    + FullyQualifiedErrorId : CommandNotFoundException

PS C:\Program Files\Microsoft Visual Studio\2022\Community>
PS C:\Program Files\Microsoft Visual Studio\2022\Community> Resources
Resources : The term 'Resources' is not recognized as the name of a cmdlet, function, script file, or operable program.
 Check the spelling of the name, or if a path was included, verify that the path is correct and try again.
At line:1 char:1
+ Resources
+ ~~~~~~~~~
    + CategoryInfo          : ObjectNotFound: (Resources:String) [], CommandNotFoundException
    + FullyQualifiedErrorId : CommandNotFoundException

PS C:\Program Files\Microsoft Visual Studio\2022\Community> Pricing
Pricing : The term 'Pricing' is not recognized as the name of a cmdlet, function, script file, or operable program. Che
ck the spelling of the name, or if a path was included, verify that the path is correct and try again.
At line:1 char:1
+ Pricing
+ ~~~~~~~
    + CategoryInfo          : ObjectNotFound: (Pricing:String) [], CommandNotFoundException
    + FullyQualifiedErrorId : CommandNotFoundException

PS C:\Program Files\Microsoft Visual Studio\2022\Community>
PS C:\Program Files\Microsoft Visual Studio\2022\Community> Enterprise
Enterprise : The term 'Enterprise' is not recognized as the name of a cmdlet, function, script file, or operable progra
m. Check the spelling of the name, or if a path was included, verify that the path is correct and try again.
At line:1 char:1
+ Enterprise
+ ~~~~~~~~~~
    + CategoryInfo          : ObjectNotFound: (Enterprise:String) [], CommandNotFoundException
    + FullyQualifiedErrorId : CommandNotFoundException

PS C:\Program Files\Microsoft Visual Studio\2022\Community>
PS C:\Program Files\Microsoft Visual Studio\2022\Community> Support
Support : The term 'Support' is not recognized as the name of a cmdlet, function, script file, or operable program. Che
ck the spelling of the name, or if a path was included, verify that the path is correct and try again.
At line:1 char:1
+ Support
+ ~~~~~~~
    + CategoryInfo          : ObjectNotFound: (Support:String) [], CommandNotFoundException
    + FullyQualifiedErrorId : CommandNotFoundException

PS C:\Program Files\Microsoft Visual Studio\2022\Community>
PS C:\Program Files\Microsoft Visual Studio\2022\Community> DA
DA : The term 'DA' is not recognized as the name of a cmdlet, function, script file, or operable program. Check the spe
lling of the name, or if a path was included, verify that the path is correct and try again.
At line:1 char:1
+ DA
+ ~~
    + CategoryInfo          : ObjectNotFound: (DA:String) [], CommandNotFoundException
    + FullyQualifiedErrorId : CommandNotFoundException

PS C:\Program Files\Microsoft Visual Studio\2022\Community> Gravatar for ai.daidaoxing@gmail.com
Gravatar : The term 'Gravatar' is not recognized as the name of a cmdlet, function, script file, or operable program. C
heck the spelling of the name, or if a path was included, verify that the path is correct and try again.
At line:1 char:1
+ Gravatar for ai.daidaoxing@gmail.com
+ ~~~~~~~~
    + CategoryInfo          : ObjectNotFound: (Gravatar:String) [], CommandNotFoundException
    + FullyQualifiedErrorId : CommandNotFoundException

PS C:\Program Files\Microsoft Visual Studio\2022\Community> Filter your results
At line:1 char:12
+ Filter your results
+            ~
Missing function body in function declaration.
    + CategoryInfo          : ParserError: (:) [], ParentContainsErrorRecordException
    + FullyQualifiedErrorId : MissingFunctionBody

PS C:\Program Files\Microsoft Visual Studio\2022\Community> No results for "DAIDAOXING"
No : The term 'No' is not recognized as the name of a cmdlet, function, script file, or operable program. Check the spe
lling of the name, or if a path was included, verify that the path is correct and try again.
At line:1 char:1
+ No results for "DAIDAOXING"
+ ~~
    + CategoryInfo          : ObjectNotFound: (No:String) [], CommandNotFoundException
    + FullyQualifiedErrorId : CommandNotFoundException

PS C:\Program Files\Microsoft Visual Studio\2022\Community> Keep Searching
Keep : The term 'Keep' is not recognized as the name of a cmdlet, function, script file, or operable program. Check the
 spelling of the name, or if a path was included, verify that the path is correct and try again.
At line:1 char:1
+ Keep Searching
+ ~~~~
    + CategoryInfo          : ObjectNotFound: (Keep:String) [], CommandNotFoundException
    + FullyQualifiedErrorId : CommandNotFoundException

PS C:\Program Files\Microsoft Visual Studio\2022\Community> PRODUCT
PRODUCT : The term 'PRODUCT' is not recognized as the name of a cmdlet, function, script file, or operable program. Che
ck the spelling of the name, or if a path was included, verify that the path is correct and try again.
At line:1 char:1
+ PRODUCT
+ ~~~~~~~
    + CategoryInfo          : ObjectNotFound: (PRODUCT:String) [], CommandNotFoundException
    + FullyQualifiedErrorId : CommandNotFoundException

PS C:\Program Files\Microsoft Visual Studio\2022\Community> Pricing
Pricing : The term 'Pricing' is not recognized as the name of a cmdlet, function, script file, or operable program. Che
ck the spelling of the name, or if a path was included, verify that the path is correct and try again.
At line:1 char:1
+ Pricing
+ ~~~~~~~
    + CategoryInfo          : ObjectNotFound: (Pricing:String) [], CommandNotFoundException
    + FullyQualifiedErrorId : CommandNotFoundException

PS C:\Program Files\Microsoft Visual Studio\2022\Community> Enterprise
Enterprise : The term 'Enterprise' is not recognized as the name of a cmdlet, function, script file, or operable progra
m. Check the spelling of the name, or if a path was included, verify that the path is correct and try again.
At line:1 char:1
+ Enterprise
+ ~~~~~~~~~~
    + CategoryInfo          : ObjectNotFound: (Enterprise:String) [], CommandNotFoundException
    + FullyQualifiedErrorId : CommandNotFoundException

PS C:\Program Files\Microsoft Visual Studio\2022\Community> Lead generation
Lead : The term 'Lead' is not recognized as the name of a cmdlet, function, script file, or operable program. Check the
 spelling of the name, or if a path was included, verify that the path is correct and try again.
At line:1 char:1
+ Lead generation
+ ~~~~
    + CategoryInfo          : ObjectNotFound: (Lead:String) [], CommandNotFoundException
    + FullyQualifiedErrorId : CommandNotFoundException

PS C:\Program Files\Microsoft Visual Studio\2022\Community> TEMPLATES
TEMPLATES : The term 'TEMPLATES' is not recognized as the name of a cmdlet, function, script file, or operable program.
 Check the spelling of the name, or if a path was included, verify that the path is correct and try again.
At line:1 char:1
+ TEMPLATES
+ ~~~~~~~~~
    + CategoryInfo          : ObjectNotFound: (TEMPLATES:String) [], CommandNotFoundException
    + FullyQualifiedErrorId : CommandNotFoundException

PS C:\Program Files\Microsoft Visual Studio\2022\Community> Popular templates
Popular : The term 'Popular' is not recognized as the name of a cmdlet, function, script file, or operable program. Che
ck the spelling of the name, or if a path was included, verify that the path is correct and try again.
At line:1 char:1
+ Popular templates
+ ~~~~~~~
    + CategoryInfo          : ObjectNotFound: (Popular:String) [], CommandNotFoundException
    + FullyQualifiedErrorId : CommandNotFoundException

PS C:\Program Files\Microsoft Visual Studio\2022\Community> Interactive story template
Interactive : The term 'Interactive' is not recognized as the name of a cmdlet, function, script file, or operable prog
ram. Check the spelling of the name, or if a path was included, verify that the path is correct and try again.
At line:1 char:1
+ Interactive story template
+ ~~~~~~~~~~~
    + CategoryInfo          : ObjectNotFound: (Interactive:String) [], CommandNotFoundException
    + FullyQualifiedErrorId : CommandNotFoundException

PS C:\Program Files\Microsoft Visual Studio\2022\Community> Trivia quiz
Trivia : The term 'Trivia' is not recognized as the name of a cmdlet, function, script file, or operable program. Check
 the spelling of the name, or if a path was included, verify that the path is correct and try again.
At line:1 char:1
+ Trivia quiz
+ ~~~~~~
    + CategoryInfo          : ObjectNotFound: (Trivia:String) [], CommandNotFoundException
    + FullyQualifiedErrorId : CommandNotFoundException

PS C:\Program Files\Microsoft Visual Studio\2022\Community> Job application form
Get-Job : A positional parameter cannot be found that accepts argument 'form'.
At line:1 char:1
+ Job application form
+ ~~~~~~~~~~~~~~~~~~~~
    + CategoryInfo          : InvalidArgument: (:) [Get-Job], ParameterBindingException
    + FullyQualifiedErrorId : PositionalParameterNotFound,Microsoft.PowerShell.Commands.GetJobCommand

PS C:\Program Files\Microsoft Visual Studio\2022\Community> Event registration form
Get-Event : A positional parameter cannot be found that accepts argument 'form'.
At line:1 char:1
+ Event registration form
+ ~~~~~~~~~~~~~~~~~~~~~~~
    + CategoryInfo          : InvalidArgument: (:) [Get-Event], ParameterBindingException
    + FullyQualifiedErrorId : PositionalParameterNotFound,Microsoft.PowerShell.Commands.GetEventCommand

PS C:\Program Files\Microsoft Visual Studio\2022\Community> NPS survey
NPS : The term 'NPS' is not recognized as the name of a cmdlet, function, script file, or operable program. Check the s
pelling of the name, or if a path was included, verify that the path is correct and try again.
At line:1 char:1
+ NPS survey
+ ~~~
    + CategoryInfo          : ObjectNotFound: (NPS:String) [], CommandNotFoundException
    + FullyQualifiedErrorId : CommandNotFoundException

PS C:\Program Files\Microsoft Visual Studio\2022\Community> Recent templates
Recent : The term 'Recent' is not recognized as the name of a cmdlet, function, script file, or operable program. Check
 the spelling of the name, or if a path was included, verify that the path is correct and try again.
At line:1 char:1
+ Recent templates
+ ~~~~~~
    + CategoryInfo          : ObjectNotFound: (Recent:String) [], CommandNotFoundException
    + FullyQualifiedErrorId : CommandNotFoundException

PS C:\Program Files\Microsoft Visual Studio\2022\Community> Popular categories
Popular : The term 'Popular' is not recognized as the name of a cmdlet, function, script file, or operable program. Che
ck the spelling of the name, or if a path was included, verify that the path is correct and try again.
At line:1 char:1
+ Popular categories
+ ~~~~~~~
    + CategoryInfo          : ObjectNotFound: (Popular:String) [], CommandNotFoundException
    + FullyQualifiedErrorId : CommandNotFoundException

PS C:\Program Files\Microsoft Visual Studio\2022\Community> Recent categories
Recent : The term 'Recent' is not recognized as the name of a cmdlet, function, script file, or operable program. Check
 the spelling of the name, or if a path was included, verify that the path is correct and try again.
At line:1 char:1
+ Recent categories
+ ~~~~~~
    + CategoryInfo          : ObjectNotFound: (Recent:String) [], CommandNotFoundException
    + FullyQualifiedErrorId : CommandNotFoundException

PS C:\Program Files\Microsoft Visual Studio\2022\Community> INTEGRATIONS
INTEGRATIONS : The term 'INTEGRATIONS' is not recognized as the name of a cmdlet, function, script file, or operable pr
ogram. Check the spelling of the name, or if a path was included, verify that the path is correct and try again.
At line:1 char:1
+ INTEGRATIONS
+ ~~~~~~~~~~~~
    + CategoryInfo          : ObjectNotFound: (INTEGRATIONS:String) [], CommandNotFoundException
    + FullyQualifiedErrorId : CommandNotFoundException

PS C:\Program Files\Microsoft Visual Studio\2022\Community> Popular integration apps
Popular : The term 'Popular' is not recognized as the name of a cmdlet, function, script file, or operable program. Che
ck the spelling of the name, or if a path was included, verify that the path is correct and try again.
At line:1 char:1
+ Popular integration apps
+ ~~~~~~~
    + CategoryInfo          : ObjectNotFound: (Popular:String) [], CommandNotFoundException
    + FullyQualifiedErrorId : CommandNotFoundException

PS C:\Program Files\Microsoft Visual Studio\2022\Community> More integration apps
Get-Content : Cannot find path 'C:\Program Files\Microsoft Visual Studio\2022\Community\integration' because it does no
t exist.
At line:7 char:9
+         Get-Content $file | more.com
+         ~~~~~~~~~~~~~~~~~
    + CategoryInfo          : ObjectNotFound: (C:\Program File...ity\integration:String) [Get-Content], ItemNotFoundEx
   ception
    + FullyQualifiedErrorId : PathNotFound,Microsoft.PowerShell.Commands.GetContentCommand


PS C:\Program Files\Microsoft Visual Studio\2022\Community> Popular app categories
Popular : The term 'Popular' is not recognized as the name of a cmdlet, function, script file, or operable program. Che
ck the spelling of the name, or if a path was included, verify that the path is correct and try again.
At line:1 char:1
+ Popular app categories
+ ~~~~~~~
    + CategoryInfo          : ObjectNotFound: (Popular:String) [], CommandNotFoundException
    + FullyQualifiedErrorId : CommandNotFoundException

PS C:\Program Files\Microsoft Visual Studio\2022\Community> More app categories
Get-Content : Cannot find path 'C:\Program Files\Microsoft Visual Studio\2022\Community\app' because it does not exist.
                                                                                                                         Get-Help                                                                                                                   Searching Help for center ...                                                                                           [oooooooooooooooooooooooooooooooooooooooooooooooooooooooooooooooooooooooooooooooooooooooooooooooooooooooooooo]      
    + FullyQualifiedErrorId : PathNotFound,Microsoft.PowerShell.Commands.GetContentCommand


PS C:\Program Files\Microsoft Visual Studio\2022\Community> RESOURCES
RESOURCES : The term 'RESOURCES' is not recognized as the name of a cmdlet, function, script file, or operable program.
At line:7 char:9                                                                                                        +         Get-Content $file | more.com                                                                                  +         ~~~~~~~~~~~~~~~~~                                                                                                 + CategoryInfo          : ObjectNotFound: (C:\Program File...2\Community\app:String) [Get-Content], ItemNotFoundEx     ception                                                                                                                  + FullyQualifiedErrorId : CommandNotFoundException

PS C:\Program Files\Microsoft Visual Studio\2022\Community> Blog
Blog : The term 'Blog' is not recognized as the name of a cmdlet, function, script file, or operable program. Check the
 spelling of the name, or if a path was included, verify that the path is correct and try again.
At line:1 char:1
+ Blog
+ ~~~~
    + CategoryInfo          : ObjectNotFound: (Blog:String) [], CommandNotFoundException
    + FullyQualifiedErrorId : CommandNotFoundException

PS C:\Program Files\Microsoft Visual Studio\2022\Community> Help center

Name                              Category  Module                    Synopsis
----                              --------  ------                    --------
New-AzureRmRecoveryServicesAsr... Cmdlet    AzureRM.RecoveryServic... New-AzureRmRecoveryServicesAsrvCenter...
Remove-AzureRmRecoveryServices... Cmdlet    AzureRM.RecoveryServic... Remove-AzureRmRecoveryServicesAsrvCenter...
Update-AzureRmRecoveryServices... Cmdlet    AzureRM.RecoveryServic... Update-AzureRmRecoveryServicesAsrvCenter...
Get-AzureRmRecoveryServicesAsr... Cmdlet    AzureRM.RecoveryServic... Get-AzureRmRecoveryServicesAsrvCenter...



PS C:\Program Files\Microsoft Visual Studio\2022\Community> Community
Community : The term 'Community' is not recognized as the name of a cmdlet, function, script file, or operable program.
 Check the spelling of the name, or if a path was included, verify that the path is correct and try again.
At line:1 char:1
+ Community
+ ~~~~~~~~~
    + CategoryInfo          : ObjectNotFound: (Community:String) [], CommandNotFoundException
    + FullyQualifiedErrorId : CommandNotFoundException

PS C:\Program Files\Microsoft Visual Studio\2022\Community> Tutorials
Tutorials : The term 'Tutorials' is not recognized as the name of a cmdlet, function, script file, or operable program.
 Check the spelling of the name, or if a path was included, verify that the path is correct and try again.
At line:1 char:1
+ Tutorials
+ ~~~~~~~~~
    + CategoryInfo          : ObjectNotFound: (Tutorials:String) [], CommandNotFoundException
    + FullyQualifiedErrorId : CommandNotFoundException

PS C:\Program Files\Microsoft Visual Studio\2022\Community> FAQs
FAQs : The term 'FAQs' is not recognized as the name of a cmdlet, function, script file, or operable program. Check the
 spelling of the name, or if a path was included, verify that the path is correct and try again.
At line:1 char:1
+ FAQs
+ ~~~~
    + CategoryInfo          : ObjectNotFound: (FAQs:String) [], CommandNotFoundException
    + FullyQualifiedErrorId : CommandNotFoundException

PS C:\Program Files\Microsoft Visual Studio\2022\Community> Affiliates
Affiliates : The term 'Affiliates' is not recognized as the name of a cmdlet, function, script file, or operable progra
m. Check the spelling of the name, or if a path was included, verify that the path is correct and try again.
At line:1 char:1
+ Affiliates
+ ~~~~~~~~~~
    + CategoryInfo          : ObjectNotFound: (Affiliates:String) [], CommandNotFoundException
    + FullyQualifiedErrorId : CommandNotFoundException

PS C:\Program Files\Microsoft Visual Studio\2022\Community> Tech partners
Tech : The term 'Tech' is not recognized as the name of a cmdlet, function, script file, or operable program. Check the
 spelling of the name, or if a path was included, verify that the path is correct and try again.
At line:1 char:1
+ Tech partners
+ ~~~~
    + CategoryInfo          : ObjectNotFound: (Tech:String) [], CommandNotFoundException
    + FullyQualifiedErrorId : CommandNotFoundException

PS C:\Program Files\Microsoft Visual Studio\2022\Community> System status
System : The term 'System' is not recognized as the name of a cmdlet, function, script file, or operable program. Check
 the spelling of the name, or if a path was included, verify that the path is correct and try again.
At line:1 char:1
+ System status
+ ~~~~~~
    + CategoryInfo          : ObjectNotFound: (System:String) [], CommandNotFoundException
    + FullyQualifiedErrorId : CommandNotFoundException

PS C:\Program Files\Microsoft Visual Studio\2022\Community> Developers / API
Developers : The term 'Developers' is not recognized as the name of a cmdlet, function, script file, or operable progra
m. Check the spelling of the name, or if a path was included, verify that the path is correct and try again.
At line:1 char:1
+ Developers / API
+ ~~~~~~~~~~
    + CategoryInfo          : ObjectNotFound: (Developers:String) [], CommandNotFoundException
    + FullyQualifiedErrorId : CommandNotFoundException

PS C:\Program Files\Microsoft Visual Studio\2022\Community> GET TO KNOW US
GET : The term 'GET' is not recognized as the name of a cmdlet, function, script file, or operable program. Check the s
pelling of the name, or if a path was included, verify that the path is correct and try again.
At line:1 char:1
+ GET TO KNOW US
+ ~~~
    + CategoryInfo          : ObjectNotFound: (GET:String) [], CommandNotFoundException
    + FullyQualifiedErrorId : CommandNotFoundException

PS C:\Program Files\Microsoft Visual Studio\2022\Community> About us
About : The term 'About' is not recognized as the name of a cmdlet, function, script file, or operable program. Check t
he spelling of the name, or if a path was included, verify that the path is correct and try again.
At line:1 char:1
+ About us
+ ~~~~~
    + CategoryInfo          : ObjectNotFound: (About:String) [], CommandNotFoundException
    + FullyQualifiedErrorId : CommandNotFoundException

PS C:\Program Files\Microsoft Visual Studio\2022\Community> Careers
Careers : The term 'Careers' is not recognized as the name of a cmdlet, function, script file, or operable program. Che
ck the spelling of the name, or if a path was included, verify that the path is correct and try again.
At line:1 char:1
+ Careers
+ ~~~~~~~
    + CategoryInfo          : ObjectNotFound: (Careers:String) [], CommandNotFoundException
    + FullyQualifiedErrorId : CommandNotFoundException

PS C:\Program Files\Microsoft Visual Studio\2022\Community> Contact us
Contact : The term 'Contact' is not recognized as the name of a cmdlet, function, script file, or operable program. Che
ck the spelling of the name, or if a path was included, verify that the path is correct and try again.
At line:1 char:1
+ Contact us
+ ~~~~~~~
    + CategoryInfo          : ObjectNotFound: (Contact:String) [], CommandNotFoundException
    + FullyQualifiedErrorId : CommandNotFoundException

PS C:\Program Files\Microsoft Visual Studio\2022\Community> News
News : The term 'News' is not recognized as the name of a cmdlet, function, script file, or operable program. Check the
 spelling of the name, or if a path was included, verify that the path is correct and try again.
At line:1 char:1
+ News
+ ~~~~
    + CategoryInfo          : ObjectNotFound: (News:String) [], CommandNotFoundException
    + FullyQualifiedErrorId : CommandNotFoundException

PS C:\Program Files\Microsoft Visual Studio\2022\Community> Terms & conditions
At line:1 char:7
+ Terms & conditions
+       ~
The ampersand (&) character is not allowed. The & operator is reserved for future use; wrap an ampersand in double quot
ation marks ("&") to pass it as part of a string.
    + CategoryInfo          : ParserError: (:) [], ParentContainsErrorRecordException
    + FullyQualifiedErrorId : AmpersandNotAllowed

PS C:\Program Files\Microsoft Visual Studio\2022\Community> Typeform (es)
es : The term 'es' is not recognized as the name of a cmdlet, function, script file, or operable program. Check the spe
lling of the name, or if a path was included, verify that the path is correct and try again.
At line:1 char:11
+ Typeform (es)
+           ~~
    + CategoryInfo          : ObjectNotFound: (es:String) [], CommandNotFoundException
    + FullyQualifiedErrorId : CommandNotFoundException

PS C:\Program Files\Microsoft Visual Studio\2022\Community> Newsletter
Newsletter : The term 'Newsletter' is not recognized as the name of a cmdlet, function, script file, or operable progra
m. Check the spelling of the name, or if a path was included, verify that the path is correct and try again.
At line:1 char:1
+ Newsletter
+ ~~~~~~~~~~
    + CategoryInfo          : ObjectNotFound: (Newsletter:String) [], CommandNotFoundException
    + FullyQualifiedErrorId : CommandNotFoundException

PS C:\Program Files\Microsoft Visual Studio\2022\Community> facebook
facebook : The term 'facebook' is not recognized as the name of a cmdlet, function, script file, or operable program. C
heck the spelling of the name, or if a path was included, verify that the path is correct and try again.
At line:1 char:1
+ facebook
+ ~~~~~~~~
    + CategoryInfo          : ObjectNotFound: (facebook:String) [], CommandNotFoundException
    + FullyQualifiedErrorId : CommandNotFoundException

PS C:\Program Files\Microsoft Visual Studio\2022\Community> twitter
twitter : The term 'twitter' is not recognized as the name of a cmdlet, function, script file, or operable program. Che
ck the spelling of the name, or if a path was included, verify that the path is correct and try again.
At line:1 char:1
+ twitter
+ ~~~~~~~
    + CategoryInfo          : ObjectNotFound: (twitter:String) [], CommandNotFoundException
    + FullyQualifiedErrorId : CommandNotFoundException

PS C:\Program Files\Microsoft Visual Studio\2022\Community> instagram
instagram : The term 'instagram' is not recognized as the name of a cmdlet, function, script file, or operable program.
 Check the spelling of the name, or if a path was included, verify that the path is correct and try again.
At line:1 char:1
+ instagram
+ ~~~~~~~~~
    + CategoryInfo          : ObjectNotFound: (instagram:String) [], CommandNotFoundException
    + FullyQualifiedErrorId : CommandNotFoundException

PS C:\Program Files\Microsoft Visual Studio\2022\Community> youtube
youtube : The term 'youtube' is not recognized as the name of a cmdlet, function, script file, or operable program. Che
ck the spelling of the name, or if a path was included, verify that the path is correct and try again.
At line:1 char:1
+ youtube
+ ~~~~~~~
    + CategoryInfo          : ObjectNotFound: (youtube:String) [], CommandNotFoundException
    + FullyQualifiedErrorId : CommandNotFoundException

PS C:\Program Files\Microsoft Visual Studio\2022\Community> linkedin
linkedin : The term 'linkedin' is not recognized as the name of a cmdlet, function, script file, or operable program. C
heck the spelling of the name, or if a path was included, verify that the path is correct and try again.
At line:1 char:1
+ linkedin
+ ~~~~~~~~
    + CategoryInfo          : ObjectNotFound: (linkedin:String) [], CommandNotFoundException
    + FullyQualifiedErrorId : CommandNotFoundException

PS C:\Program Files\Microsoft Visual Studio\2022\Community> With love, from Barcelona
With : The term 'With' is not recognized as the name of a cmdlet, function, script file, or operable program. Check the
 spelling of the name, or if a path was included, verify that the path is correct and try again.
At line:1 char:1
+ With love, from Barcelona
+ ~~~~
    + CategoryInfo          : ObjectNotFound: (With:String) [], CommandNotFoundException
    + FullyQualifiedErrorId : CommandNotFoundException

PS C:\Program Files\Microsoft Visual Studio\2022\Community>
PS C:\Program Files\Microsoft Visual Studio\2022\Community> English
English : The term 'English' is not recognized as the name of a cmdlet, function, script file, or operable program. Che
ck the spelling of the name, or if a path was included, verify that the path is correct and try again.
At line:1 char:1
+ English
+ ~~~~~~~
    + CategoryInfo          : ObjectNotFound: (English:String) [], CommandNotFoundException
    + FullyQualifiedErrorId : CommandNotFoundException

PS C:\Program Files\Microsoft Visual Studio\2022\Community> Cookie Settings
Cookie : The term 'Cookie' is not recognized as the name of a cmdlet, function, script file, or operable program. Check
 the spelling of the name, or if a path was included, verify that the path is correct and try again.
At line:1 char:1
+ Cookie Settings
+ ~~~~~~
    + CategoryInfo          : ObjectNotFound: (Cookie:String) [], CommandNotFoundException
    + FullyQualifiedErrorId : CommandNotFoundException

PS C:\Program Files\Microsoft Visual Studio\2022\Community> Check our Cookie Policy to delete cookies
Check : The term 'Check' is not recognized as the name of a cmdlet, function, script file, or operable program. Check t
he spelling of the name, or if a path was included, verify that the path is correct and try again.
At line:1 char:1
+ Check our Cookie Policy to delete cookies
+ ~~~~~
    + CategoryInfo          : ObjectNotFound: (Check:String) [], CommandNotFoundException
    + FullyQualifiedErrorId : CommandNotFoundException

PS C:\Program Files\Microsoft Visual Studio\2022\Community> © Typeform
© : The term '©' is not recognized as the name of a cmdlet, function, script file, or operable program. Check the spell
ing of the name, or if a path was included, verify that the path is correct and try again.
At line:1 char:1
+ © Typeform
+ ~
    + CategoryInfo          : ObjectNotFound: (©:String) [], CommandNotFoundException
    + FullyQualifiedErrorId : CommandNotFoundException
